 autobhop

 Timestamp is 5f3d65fd (Thu Aug 20 01:48:45 2020)

 Preferred load address is 10000000

 Start         Length     Name                   Class
 0001:00000000 00000280H .text$di                CODE
 0001:00000280 0003a830H .text$mn                CODE
 0001:0003aab0 000006c0H .text$x                 CODE
 0001:0003b170 000000efH .text$yd                CODE
 0002:00000000 00000138H .idata$5                DATA
 0002:00000138 00000004H .00cfg                  DATA
 0002:0000013c 00000004H .CRT$XCA                DATA
 0002:00000140 00000004H .CRT$XCC                DATA
 0002:00000144 00000034H .CRT$XCU                DATA
 0002:00000178 00000004H .CRT$XCZ                DATA
 0002:0000017c 00000004H .CRT$XIA                DATA
 0002:00000180 00000014H .CRT$XIC                DATA
 0002:00000194 00000004H .CRT$XIZ                DATA
 0002:00000198 00000004H .CRT$XLA                DATA
 0002:0000019c 00000004H .CRT$XLZ                DATA
 0002:000001a0 00000004H .CRT$XPA                DATA
 0002:000001a4 00000008H .CRT$XPX                DATA
 0002:000001ac 00000004H .CRT$XPXA               DATA
 0002:000001b0 00000004H .CRT$XPZ                DATA
 0002:000001b4 00000004H .CRT$XTA                DATA
 0002:000001b8 00000008H .CRT$XTZ                DATA
 0002:000001bc 00000000H .gfids$y                DATA
 0002:000001c0 0000f578H .rdata                  DATA
 0002:0000f738 00000018H .rdata$T                DATA
 0002:0000f750 000005a0H .rdata$r                DATA
 0002:0000fcf0 000000acH .rdata$sxdata           DATA
 0002:0000fd9c 000003dcH .rdata$zzzdbg           DATA
 0002:00010178 00000004H .rtc$IAA                DATA
 0002:0001017c 00000004H .rtc$IZZ                DATA
 0002:00010180 00000004H .rtc$TAA                DATA
 0002:00010184 00000004H .rtc$TZZ                DATA
 0002:00010188 00000004H .tls                    DATA
 0002:0001018c 00000004H .tls$                   DATA
 0002:00010190 00000008H .tls$ZZZ                DATA
 0002:00010198 00000d08H .xdata$x                DATA
 0002:00010ea0 00000050H .edata                  DATA
 0002:00010ef0 00000014H .idata$2                DATA
 0002:00010f04 00000014H .idata$3                DATA
 0002:00010f18 00000138H .idata$4                DATA
 0002:00011050 000005aaH .idata$6                DATA
 0003:00000000 000008a0H .data                   DATA
 0003:000008a0 00000208H .data$r                 DATA
 0003:00000aa8 000018d4H .bss                    DATA
 0004:00000000 00000060H .rsrc$01                DATA
 0004:00000060 00000180H .rsrc$02                DATA

  Address         Publics by Value              Rva+Base       Lib:Object

 0000:00000000       ___hybrid_code_map_count   00000000     <absolute>
 0000:00000000       ___guard_fids_count        00000000     <absolute>
 0000:00000000       ___guard_fids_table        00000000     <absolute>
 0000:00000000       ___guard_iat_count         00000000     <absolute>
 0000:00000000       ___dynamic_value_reloc_table 00000000     <absolute>
 0000:00000000       ___guard_longjmp_count     00000000     <absolute>
 0000:00000000       __except_list              00000000     <absolute>
 0000:00000000       ___guard_iat_table         00000000     <absolute>
 0000:00000000       ___guard_longjmp_table     00000000     <absolute>
 0000:00000000       ___hybrid_auxiliary_iat    00000000     <absolute>
 0000:00000000       ___enclave_config          00000000     <absolute>
 0000:00000000       ___volatile_metadata       00000000     <absolute>
 0000:00000000       ___hybrid_code_map         00000000     <absolute>
 0000:0000002b       ___safe_se_handler_count   0000002b     <absolute>
 0000:0000002c       __tls_array                0000002c     <absolute>
 0000:00000100       ___guard_flags             00000100     <absolute>
 0000:00000000       ___ImageBase               10000000     <linker-defined>
 0001:00000280       ??$Deref@PAX@Memory@@YAXIPAPAX@Z 10001280 f i Engine.obj
 0001:00000280       ??$Deref@PAUCEntInfo@@@Memory@@YAXIPAPAUCEntInfo@@@Z 10001280 f i Server.obj
 0001:00000290       ??$DerefDeref@PAUCGlobalVars@@@Memory@@YAXIPAPAUCGlobalVars@@@Z 10001290 f i Server.obj
 0001:000002b0       ??$Hook@P6IHPAXHABVCViewSetup@@HH@ZP6EH01HH@Z@Interface@@QAE_NP6IHPAXHABVCViewSetup@@HH@ZAAP6EH01HH@ZH@Z 100012b0 f i Client.obj
 0001:000002b0       ??$Hook@P6I_NPAXH@ZP6E_N0@Z@Interface@@QAE_NP6I_NPAXH@ZAAP6E_N0@ZH@Z 100012b0 f i Server.obj
 0001:00000310       ??$Original@P6AHPAX_N@Z@Interface@@QAEP6AHPAX_N@ZH1@Z 10001310 f i Surface.obj
 0001:00000310       ??$Original@P6EHPAXHHHH@Z@Interface@@QAEP6EHPAXHHHH@ZH_N@Z 10001310 f i Surface.obj
 0001:00000310       ??$Original@P6EHPAXHPADH@Z@Interface@@QAEP6EHPAXHPADH@ZH_N@Z 10001310 f i Surface.obj
 0001:00000310       ??$Original@P6EXPAXPAVConCommandBase@@@Z@Interface@@QAEP6EXPAXPAVConCommandBase@@@ZH_N@Z 10001310 f i Tier1.obj
 0001:00000310       ??$Original@P6EXPAXABURay_t@@IPAVITraceFilter@@PAUCGameTrace@@@Z@Interface@@QAEP6EXPAXABURay_t@@IPAVITraceFilter@@PAUCGameTrace@@@ZH_N@Z 10001310 f i Engine.obj
 0001:00000310       ??$Original@P6EHPAXPBD@Z@Interface@@QAEP6EHPAXPBD@ZH_N@Z 10001310 f i Surface.obj
 0001:00000310       ??$Original@P6AHPAXKHHHHHHPADZZ@Interface@@QAEP6AHPAXKHHHHHHPADZZH_N@Z 10001310 f i Surface.obj
 0001:00000310       ??$Original@P6EHPAXUColor@@@Z@Interface@@QAEP6EHPAXUColor@@@ZH_N@Z 10001310 f i Surface.obj
 0001:00000310       ??$Original@P6AHPAX0PBDZZ@Interface@@QAEP6AHPAX0PBDZZH_N@Z 10001310 f i Engine.obj
 0001:00000310       ??$Original@P6EHPAXK@Z@Interface@@QAEP6EHPAXK@ZH_N@Z 10001310 f i Surface.obj
 0001:00000310       ??$Original@P6EHPAX_N@Z@Interface@@QAEP6EHPAX_N@ZH1@Z 10001310 f i Surface.obj
 0001:00000310       ??$Original@P6EHPAXHPBDH_N@Z@Interface@@QAEP6EHPAXHPBDH_N@ZH2@Z 10001310 f i Surface.obj
 0001:00000310       ??$Original@P6GHAAH0@Z@Interface@@QAEP6GHAAH0@ZH_N@Z 10001310 f i Engine.obj
 0001:00000310       ??$Original@P6EHPAXABVCViewSetup@@HH@Z@Interface@@QAEP6EHPAXABVCViewSetup@@HH@ZH_N@Z 10001310 f i Client.obj
 0001:00000310       ??$Original@P6EPAXPAXPBD@Z@Interface@@QAEP6EPAXPAXPBD@ZH_N@Z 10001310 f i Tier1.obj
 0001:00000310       ??$Original@P6EHPAXH@Z@Interface@@QAEP6EHPAXH@ZH_N@Z 10001310 f i Surface.obj
 0001:00000310       ??$Original@I@Interface@@QAEIH_N@Z 10001310 f i Server.obj
 0001:00000310       ??$Original@P6GHK@Z@Interface@@QAEP6GHK@ZH_N@Z 10001310 f i Surface.obj
 0001:00000310       ??$Original@P6EHPAXHAAH1@Z@Interface@@QAEP6EHPAXHAAH1@ZH_N@Z 10001310 f i Surface.obj
 0001:00000310       ??$Original@P6AHXZ@Interface@@QAEP6AHXZH_N@Z 10001310 f i Engine.obj
 0001:00000310       ??$Original@P6EHPAXHPBEHH@Z@Interface@@QAEP6EHPAXHPBEHH@ZH_N@Z 10001310 f i Surface.obj
 0001:00000310       ??$Original@P6GXPBD_N@Z@Interface@@QAEP6GXPBD_N@ZH1@Z 10001310 f i Engine.obj
 0001:00000310       ??$Original@P6E_NPAX@Z@Interface@@QAEP6E_NPAX@ZH_N@Z 10001310 f i Server.obj
 0001:00000310       ??$Original@P6AXPAXHHPBDZZ@Interface@@QAEP6AXPAXHHPBDZZH_N@Z 10001310 f i Client.obj
 0001:00000310       ??$Original@P6EPAXPAX0@Z@Interface@@QAEP6EPAXPAX0@ZH_N@Z 10001310 f i Client.obj
 0001:00000310       ??$Original@P6AHPAXKPADZZ@Interface@@QAEP6AHPAXKPADZZH_N@Z 10001310 f i Surface.obj
 0001:00000360       ??$Read@P6AXHPBDH@Z@Memory@@YAXIPAP6AXHPBDH@Z@Z 10001360 f i Engine.obj
 0001:00000360       ??$Read@P6APAXH@Z@Memory@@YAXIPAP6APAXH@Z@Z 10001360 f i Server.obj
 0001:00000380       ??0Module@@QAE@XZ          10001380 f i Server.obj
 0001:000003a0       ??0Server@@QAE@XZ          100013a0 f   Server.obj
 0001:00000420       ??1Game@@UAE@XZ            10001420 f i Portal2.obj
 0001:00000420       ?ValidateGrowSize@?$CUtlMemory@UScriptFunctionBinding_t@@H@@IAEXXZ 10001420 f i autobhop.obj
 0001:00000420       ?Pause@SMSM@@UAEXXZ        10001420 f i autobhop.obj
 0001:00000420       @_guard_check_icall_nop@4  10001420 f i LIBCMTD:guard_support.obj
 0001:00000420       ??1_Bxty@?$_String_val@U?$_Simple_types@D@std@@@std@@QAE@XZ 10001420 f i Game.obj
 0001:00000420       ??1Module@@UAE@XZ          10001420 f i Server.obj
 0001:00000420       ?UnPause@SMSM@@UAEXXZ      10001420 f i autobhop.obj
 0001:00000420       ?Shutdown@Console@@UAEXXZ  10001420 f i Console.obj
 0001:00000430       ??1Console@@UAE@XZ         10001430 f i Console.obj
 0001:00000430       ??1Server@@UAE@XZ          10001430 f i Server.obj
 0001:00000430       ??1Engine@@UAE@XZ          10001430 f i Engine.obj
 0001:00000430       ??1Tier1@@UAE@XZ           10001430 f i Tier1.obj
 0001:00000430       ??1Portal2@@UAE@XZ         10001430 f i Portal2.obj
 0001:00000430       ??1Client@@UAE@XZ          10001430 f i Client.obj
 0001:00000430       ??1Surface@@UAE@XZ         10001430 f i autobhop.obj
 0001:00000450       ??A?$unique_ptr@$$BY0A@IU?$default_delete@$$BY0A@I@std@@@std@@QBEAAII@Z 10001450 f i Server.obj
 0001:00000470       ??AVector@@QAEAAMH@Z       10001470 f i Server.obj
 0001:00000490       ??_EModule@@UAEPAXI@Z      10001490 f i Server.obj
 0001:00000490       ??_EGame@@UAEPAXI@Z        10001490 f i Portal2.obj
 0001:00000490       ??_GGame@@UAEPAXI@Z        10001490 f i Portal2.obj
 0001:00000490       ??_GModule@@UAEPAXI@Z      10001490 f i Server.obj
 0001:000004c0       ??_ETier1@@UAEPAXI@Z       100014c0 f i Tier1.obj
 0001:000004c0       ??_GTier1@@UAEPAXI@Z       100014c0 f i Tier1.obj
 0001:000004c0       ??_EServer@@UAEPAXI@Z      100014c0 f i Server.obj
 0001:000004c0       ??_GServer@@UAEPAXI@Z      100014c0 f i Server.obj
 0001:000004f0       ?CheckJumpButton_Hook@Server@@SI_NPAXH@Z 100014f0 f   Server.obj
 0001:000005d0       ?Init@Server@@UAE_NXZ      100015d0 f   Server.obj
 0001:00000740       ?Name@Server@@UAEPBDXZ     10001740 f i Server.obj
 0001:00000750       ?Shutdown@Server@@UAEXXZ   10001750 f   Server.obj
 0001:00000790       ?_Get_second@?$_Compressed_pair@V?$allocator@D@std@@V?$_String_val@U?$_Simple_types@D@std@@@2@$00@std@@QAEAAV?$_String_val@U?$_Simple_types@D@std@@@2@XZ 10001790 f i Game.obj
 0001:00000790       ?_Get_first@?$_Compressed_pair@V?$allocator@UModuleInfo@Memory@@@std@@V?$_Vector_val@U?$_Simple_types@UModuleInfo@Memory@@@std@@@2@$00@std@@QAEAAV?$allocator@UModuleInfo@Memory@@@2@XZ 10001790 f i Memory.obj
 0001:00000790       ?_Get_second@?$_Compressed_pair@U?$default_delete@$$BY0A@I@std@@PAI$00@std@@QAEAAPAIXZ 10001790 f i Interface.obj
 0001:00000790       ?_Get_second@?$_Compressed_pair@V?$allocator@PAVVariable@@@std@@V?$_Vector_val@U?$_Simple_types@PAVVariable@@@std@@@2@$00@std@@QAEAAV?$_Vector_val@U?$_Simple_types@PAVVariable@@@std@@@2@XZ 10001790 f i Variable.obj
 0001:00000790       ?_Get_first@?$_Compressed_pair@U?$default_delete@$$BY0A@I@std@@PAI$00@std@@QAEAAU?$default_delete@$$BY0A@I@2@XZ 10001790 f i Interface.obj
 0001:00000790       ?_Get_second@?$_Compressed_pair@V?$allocator@D@std@@V?$_String_val@U?$_Simple_types@D@std@@@2@$00@std@@QBEABV?$_String_val@U?$_Simple_types@D@std@@@2@XZ 10001790 f i Game.obj
 0001:00000790       ??0?$allocator@PAX@std@@QAE@XZ 10001790 f i autobhop.obj
 0001:00000790       ?_Get_second@?$_Compressed_pair@V?$allocator@PAVModule@@@std@@V?$_Vector_val@U?$_Simple_types@PAVModule@@@std@@@2@$00@std@@QBEABV?$_Vector_val@U?$_Simple_types@PAVModule@@@std@@@2@XZ 10001790 f i autobhop.obj
 0001:00000790       ?_Get_first@?$_Compressed_pair@V?$allocator@UModuleInfo@Memory@@@std@@V?$_Vector_val@U?$_Simple_types@UModuleInfo@Memory@@@std@@@2@$00@std@@QBEABV?$allocator@UModuleInfo@Memory@@@2@XZ 10001790 f i Memory.obj
 0001:00000790       ?_Get_second@?$_Compressed_pair@V?$allocator@PAVModule@@@std@@V?$_Vector_val@U?$_Simple_types@PAVModule@@@std@@@2@$00@std@@QAEAAV?$_Vector_val@U?$_Simple_types@PAVModule@@@std@@@2@XZ 10001790 f i autobhop.obj
 0001:00000790       ?_Get_first@?$_Compressed_pair@V?$allocator@PAX@std@@V?$_Vector_val@U?$_Simple_types@PAX@std@@@2@$00@std@@QAEAAV?$allocator@PAX@2@XZ 10001790 f i autobhop.obj
 0001:00000790       ?_Get_second@?$_Compressed_pair@V?$allocator@PAX@std@@V?$_Vector_val@U?$_Simple_types@PAX@std@@@2@$00@std@@QAEAAV?$_Vector_val@U?$_Simple_types@PAX@std@@@2@XZ 10001790 f i autobhop.obj
 0001:00000790       ?_Get_first@?$_Compressed_pair@V?$allocator@D@std@@V?$_String_val@U?$_Simple_types@D@std@@@2@$00@std@@QAEAAV?$allocator@D@2@XZ 10001790 f i Game.obj
 0001:00000790       ?_Get_first@?$_Compressed_pair@V?$allocator@D@std@@V?$_String_val@U?$_Simple_types@D@std@@@2@$00@std@@QBEABV?$allocator@D@2@XZ 10001790 f i Memory.obj
 0001:00000790       ?_Get_second@?$_Compressed_pair@V?$allocator@PAVCommand@@@std@@V?$_Vector_val@U?$_Simple_types@PAVCommand@@@std@@@2@$00@std@@QAEAAV?$_Vector_val@U?$_Simple_types@PAVCommand@@@std@@@2@XZ 10001790 f i Command.obj
 0001:00000790       ?_Get_second@?$_Compressed_pair@U?$default_delete@$$BY0A@I@std@@PAI$00@std@@QBEABQAIXZ 10001790 f i Server.obj
 0001:00000790       ?_Get_first@?$_Compressed_pair@V?$allocator@PAVModule@@@std@@V?$_Vector_val@U?$_Simple_types@PAVModule@@@std@@@2@$00@std@@QBEABV?$allocator@PAVModule@@@2@XZ 10001790 f i autobhop.obj
 0001:00000790       ?_Get_first@?$_Compressed_pair@V?$allocator@PAVModule@@@std@@V?$_Vector_val@U?$_Simple_types@PAVModule@@@std@@@2@$00@std@@QAEAAV?$allocator@PAVModule@@@2@XZ 10001790 f i autobhop.obj
 0001:00000790       ??0?$allocator@PAVVariable@@@std@@QAE@XZ 10001790 f i Variable.obj
 0001:00000790       ?_Get_second@?$_Compressed_pair@V?$allocator@PAVCommand@@@std@@V?$_Vector_val@U?$_Simple_types@PAVCommand@@@std@@@2@$00@std@@QBEABV?$_Vector_val@U?$_Simple_types@PAVCommand@@@std@@@2@XZ 10001790 f i Command.obj
 0001:00000790       ?_Get_second@?$_Compressed_pair@V?$allocator@PAVVariable@@@std@@V?$_Vector_val@U?$_Simple_types@PAVVariable@@@std@@@2@$00@std@@QBEABV?$_Vector_val@U?$_Simple_types@PAVVariable@@@std@@@2@XZ 10001790 f i Variable.obj
 0001:00000790       ??0?$allocator@D@std@@QAE@XZ 10001790 f i Memory.obj
 0001:00000790       ??0?$allocator@UModuleInfo@Memory@@@std@@QAE@XZ 10001790 f i Memory.obj
 0001:00000790       ?_Get_first@?$_Compressed_pair@V?$allocator@PAVVariable@@@std@@V?$_Vector_val@U?$_Simple_types@PAVVariable@@@std@@@2@$00@std@@QAEAAV?$allocator@PAVVariable@@@2@XZ 10001790 f i Variable.obj
 0001:00000790       ?_Get_second@?$_Compressed_pair@V?$allocator@UModuleInfo@Memory@@@std@@V?$_Vector_val@U?$_Simple_types@UModuleInfo@Memory@@@std@@@2@$00@std@@QAEAAV?$_Vector_val@U?$_Simple_types@UModuleInfo@Memory@@@std@@@2@XZ 10001790 f i Memory.obj
 0001:00000790       ??0?$allocator@PAVModule@@@std@@QAE@XZ 10001790 f i Module.obj
 0001:00000790       ?_Get_first@?$_Compressed_pair@V?$allocator@PAVCommand@@@std@@V?$_Vector_val@U?$_Simple_types@PAVCommand@@@std@@@2@$00@std@@QAEAAV?$allocator@PAVCommand@@@2@XZ 10001790 f i Command.obj
 0001:00000790       ?_Get_first@?$_Compressed_pair@V?$allocator@PAX@std@@V?$_Vector_val@U?$_Simple_types@PAX@std@@@2@$00@std@@QBEABV?$allocator@PAX@2@XZ 10001790 f i autobhop.obj
 0001:00000790       ??0_Bxty@?$_String_val@U?$_Simple_types@D@std@@@std@@QAE@XZ 10001790 f i Memory.obj
 0001:00000790       ?_Get_second@?$_Compressed_pair@V?$allocator@UModuleInfo@Memory@@@std@@V?$_Vector_val@U?$_Simple_types@UModuleInfo@Memory@@@std@@@2@$00@std@@QBEABV?$_Vector_val@U?$_Simple_types@UModuleInfo@Memory@@@std@@@2@XZ 10001790 f i Memory.obj
 0001:00000790       ??0?$allocator@PAVCommand@@@std@@QAE@XZ 10001790 f i Command.obj
 0001:00000790       ?_Get_first@?$_Compressed_pair@V?$allocator@PAVVariable@@@std@@V?$_Vector_val@U?$_Simple_types@PAVVariable@@@std@@@2@$00@std@@QBEABV?$allocator@PAVVariable@@@2@XZ 10001790 f i Variable.obj
 0001:00000790       ?_Get_second@?$_Compressed_pair@V?$allocator@PAX@std@@V?$_Vector_val@U?$_Simple_types@PAX@std@@@2@$00@std@@QBEABV?$_Vector_val@U?$_Simple_types@PAX@std@@@2@XZ 10001790 f i autobhop.obj
 0001:000007a0       ?_Getal@?$_String_alloc@U?$_String_base_types@DV?$allocator@D@std@@@std@@@std@@QAEAAV?$allocator@D@2@XZ 100017a0 f i Game.obj
 0001:000007a0       ?_Myptr@?$_Unique_ptr_base@IU?$default_delete@$$BY0A@I@std@@@std@@QAEAAPAIXZ 100017a0 f i Interface.obj
 0001:000007a0       ?_Getal@?$_Vector_alloc@U?$_Vec_base_types@PAVModule@@V?$allocator@PAVModule@@@std@@@std@@@std@@QBEABV?$allocator@PAVModule@@@2@XZ 100017a0 f i autobhop.obj
 0001:000007a0       ?_Get_data@?$_String_alloc@U?$_String_base_types@DV?$allocator@D@std@@@std@@@std@@QAEAAV?$_String_val@U?$_Simple_types@D@std@@@2@XZ 100017a0 f i Game.obj
 0001:000007a0       ?_Get_data@?$_Vector_alloc@U?$_Vec_base_types@UModuleInfo@Memory@@V?$allocator@UModuleInfo@Memory@@@std@@@std@@@std@@QAEAAV?$_Vector_val@U?$_Simple_types@UModuleInfo@Memory@@@std@@@2@XZ 100017a0 f i Memory.obj
 0001:000007a0       ?_Get_data@?$_Vector_alloc@U?$_Vec_base_types@PAXV?$allocator@PAX@std@@@std@@@std@@QBEABV?$_Vector_val@U?$_Simple_types@PAX@std@@@2@XZ 100017a0 f i autobhop.obj
 0001:000007a0       ?_Get_data@?$_Vector_alloc@U?$_Vec_base_types@PAVVariable@@V?$allocator@PAVVariable@@@std@@@std@@@std@@QBEABV?$_Vector_val@U?$_Simple_types@PAVVariable@@@std@@@2@XZ 100017a0 f i Variable.obj
 0001:000007a0       ?_Getal@?$_Vector_alloc@U?$_Vec_base_types@PAVVariable@@V?$allocator@PAVVariable@@@std@@@std@@@std@@QAEAAV?$allocator@PAVVariable@@@2@XZ 100017a0 f i Variable.obj
 0001:000007a0       ?_Getal@?$_Vector_alloc@U?$_Vec_base_types@PAVCommand@@V?$allocator@PAVCommand@@@std@@@std@@@std@@QAEAAV?$allocator@PAVCommand@@@2@XZ 100017a0 f i Command.obj
 0001:000007a0       ?_Getal@?$_Vector_alloc@U?$_Vec_base_types@PAVVariable@@V?$allocator@PAVVariable@@@std@@@std@@@std@@QBEABV?$allocator@PAVVariable@@@2@XZ 100017a0 f i Variable.obj
 0001:000007a0       ?_Get_data@?$_Vector_alloc@U?$_Vec_base_types@PAXV?$allocator@PAX@std@@@std@@@std@@QAEAAV?$_Vector_val@U?$_Simple_types@PAX@std@@@2@XZ 100017a0 f i autobhop.obj
 0001:000007a0       ?get_deleter@?$_Unique_ptr_base@IU?$default_delete@$$BY0A@I@std@@@std@@QAEAAU?$default_delete@$$BY0A@I@2@XZ 100017a0 f i Interface.obj
 0001:000007a0       ?_Get_data@?$_Vector_alloc@U?$_Vec_base_types@PAVModule@@V?$allocator@PAVModule@@@std@@@std@@@std@@QAEAAV?$_Vector_val@U?$_Simple_types@PAVModule@@@std@@@2@XZ 100017a0 f i autobhop.obj
 0001:000007a0       ?_Getal@?$_Vector_alloc@U?$_Vec_base_types@UModuleInfo@Memory@@V?$allocator@UModuleInfo@Memory@@@std@@@std@@@std@@QAEAAV?$allocator@UModuleInfo@Memory@@@2@XZ 100017a0 f i Memory.obj
 0001:000007a0       ?_Get_data@?$_Vector_alloc@U?$_Vec_base_types@PAVCommand@@V?$allocator@PAVCommand@@@std@@@std@@@std@@QBEABV?$_Vector_val@U?$_Simple_types@PAVCommand@@@std@@@2@XZ 100017a0 f i Command.obj
 0001:000007a0       ?_Getal@?$_String_alloc@U?$_String_base_types@DV?$allocator@D@std@@@std@@@std@@QBEABV?$allocator@D@2@XZ 100017a0 f i Memory.obj
 0001:000007a0       ?_Get_data@?$_Vector_alloc@U?$_Vec_base_types@PAVVariable@@V?$allocator@PAVVariable@@@std@@@std@@@std@@QAEAAV?$_Vector_val@U?$_Simple_types@PAVVariable@@@std@@@2@XZ 100017a0 f i Variable.obj
 0001:000007a0       ?_Myptr@?$_Unique_ptr_base@IU?$default_delete@$$BY0A@I@std@@@std@@QBEABQAIXZ 100017a0 f i Server.obj
 0001:000007a0       ?_Get_data@?$_String_alloc@U?$_String_base_types@DV?$allocator@D@std@@@std@@@std@@QBEABV?$_String_val@U?$_Simple_types@D@std@@@2@XZ 100017a0 f i Game.obj
 0001:000007a0       ?_Getal@?$_Vector_alloc@U?$_Vec_base_types@UModuleInfo@Memory@@V?$allocator@UModuleInfo@Memory@@@std@@@std@@@std@@QBEABV?$allocator@UModuleInfo@Memory@@@2@XZ 100017a0 f i Memory.obj
 0001:000007a0       ?_Getal@?$_Vector_alloc@U?$_Vec_base_types@PAVModule@@V?$allocator@PAVModule@@@std@@@std@@@std@@QAEAAV?$allocator@PAVModule@@@2@XZ 100017a0 f i autobhop.obj
 0001:000007a0       ?_Get_data@?$_Vector_alloc@U?$_Vec_base_types@PAVModule@@V?$allocator@PAVModule@@@std@@@std@@@std@@QBEABV?$_Vector_val@U?$_Simple_types@PAVModule@@@std@@@2@XZ 100017a0 f i autobhop.obj
 0001:000007a0       ?_Get_data@?$_Vector_alloc@U?$_Vec_base_types@UModuleInfo@Memory@@V?$allocator@UModuleInfo@Memory@@@std@@@std@@@std@@QBEABV?$_Vector_val@U?$_Simple_types@UModuleInfo@Memory@@@std@@@2@XZ 100017a0 f i Memory.obj
 0001:000007a0       ?_Getal@?$_Vector_alloc@U?$_Vec_base_types@PAXV?$allocator@PAX@std@@@std@@@std@@QBEABV?$allocator@PAX@2@XZ 100017a0 f i autobhop.obj
 0001:000007a0       ?_Getal@?$_Vector_alloc@U?$_Vec_base_types@PAXV?$allocator@PAX@std@@@std@@@std@@QAEAAV?$allocator@PAX@2@XZ 100017a0 f i autobhop.obj
 0001:000007a0       ?_Get_data@?$_Vector_alloc@U?$_Vec_base_types@PAVCommand@@V?$allocator@PAVCommand@@@std@@@std@@@std@@QAEAAV?$_Vector_val@U?$_Simple_types@PAVCommand@@@std@@@2@XZ 100017a0 f i Command.obj
 0001:000007c0       ?get@?$unique_ptr@$$BY0A@IU?$default_delete@$$BY0A@I@std@@@std@@QBEPAIXZ 100017c0 f i Server.obj
 0001:000007e0       ??$Read@P6EPAXPAXPBD@Z@Memory@@YAP6EPAXPAXPBD@ZI@Z 100017e0 f i Client.obj
 0001:000007e0       ??$Read@P6APAXH@Z@Memory@@YAP6APAXH@ZI@Z 100017e0 f i Client.obj
 0001:000007e0       ??$Read@P6APAXXZ@Memory@@YAP6APAXXZI@Z 100017e0 f i Engine.obj
 0001:000007e0       ??$Read@P6EHPAX@Z@Memory@@YAP6EHPAX@ZI@Z 100017e0 f i Surface.obj
 0001:000007e0       ??$Read@I@Memory@@YAII@Z   100017e0 f i Interface.obj
 0001:000007e0       ??$Read@P6AHXZ@Memory@@YAP6AHXZI@Z 100017e0 f i Surface.obj
 0001:000007e0       ??$Read@P6EHPAXPBDQAY0EA@D@Z@Memory@@YAP6EHPAXPBDQAY0EA@D@ZI@Z 100017e0 f i Tier1.obj
 0001:00000800       ?Init@Surface@@UAE_NXZ     10001800 f   Surface.obj
 0001:00000af0       ?Shutdown@Surface@@UAEXXZ  10001af0 f   Surface.obj
 0001:00000af0       ?Shutdown@Tier1@@UAEXXZ    10001af0 f   Tier1.obj
 0001:00000b10       ?getFuncInfo@TryBlockMap@__FrameHandler3@@QAEPBU_s_FuncInfo@@XZ 10001b10 f i libvcruntimed:trnsctrl.obj
 0001:00000b10       ?get@?$__crt_unique_heap_ptr@DU__crt_internal_free_policy@@@@QBEPADXZ 10001b10 f i libvcruntimed:std_type_info.obj
 0001:00000b10       ?ThisPtr@Interface@@QAEPAXXZ 10001b10 f i Surface.obj
 0001:00000b10       ?Base@?$CUtlMemory@UScriptFunctionBinding_t@@H@@QAEPAUScriptFunctionBinding_t@@XZ 10001b10 f i autobhop.obj
 0001:00000b10       ?ThisPtr@Command@@QAEPAVConCommand@@XZ 10001b10 f i Command.obj
 0001:00000b10       ?Base@?$CUtlMemory@HH@@QAEPAHXZ 10001b10 f i autobhop.obj
 0001:00000b10       ?get@?$__crt_unique_heap_ptr@U__vcrt_ptd@@U__crt_internal_free_policy@@@@QBEPAU__vcrt_ptd@@XZ 10001b10 f i libvcruntimed:per_thread_data.obj
 0001:00000b10       ?get@?$__crt_unique_heap_ptr@DU__crt_public_free_policy@@@@QBEPADXZ 10001b10 f i libvcruntimed:std_exception.obj
 0001:00000b10       ?ThisPtr@Variable@@QAEPAVConVar@@XZ 10001b10 f i Variable.obj
 0001:00000b20       ___local_stdio_printf_options 10001b20 f i Surface.obj
 0001:00000b30       _vsnprintf                 10001b30 f i Surface.obj
 0001:00000b80       ??$?0$$V@?$_Compressed_pair@V?$allocator@PAVCommand@@@std@@V?$_Vector_val@U?$_Simple_types@PAVCommand@@@std@@@2@$00@std@@QAE@U_Zero_then_variadic_args_t@1@@Z 10001b80 f i Command.obj
 0001:00000b80       ??$?0$$V@?$_Compressed_pair@V?$allocator@PAVModule@@@std@@V?$_Vector_val@U?$_Simple_types@PAVModule@@@std@@@2@$00@std@@QAE@U_Zero_then_variadic_args_t@1@@Z 10001b80 f i Module.obj
 0001:00000b80       ??$?0$$V@?$_Compressed_pair@V?$allocator@PAVVariable@@@std@@V?$_Vector_val@U?$_Simple_types@PAVVariable@@@std@@@2@$00@std@@QAE@U_Zero_then_variadic_args_t@1@@Z 10001b80 f i Variable.obj
 0001:00000b80       ??$?0$$V@?$_Compressed_pair@V?$allocator@UModuleInfo@Memory@@@std@@V?$_Vector_val@U?$_Simple_types@UModuleInfo@Memory@@@std@@@2@$00@std@@QAE@U_Zero_then_variadic_args_t@1@@Z 10001b80 f i Memory.obj
 0001:00000b80       ??$?0$$V@?$_Compressed_pair@V?$allocator@PAX@std@@V?$_Vector_val@U?$_Simple_types@PAX@std@@@2@$00@std@@QAE@U_Zero_then_variadic_args_t@1@@Z 10001b80 f i autobhop.obj
 0001:00000ba0       ??$?0UModuleInfo@Memory@@@?$allocator@U_Container_proxy@std@@@std@@QAE@ABV?$allocator@UModuleInfo@Memory@@@1@@Z 10001ba0 f i Memory.obj
 0001:00000ba0       ??$?0PAVVariable@@@?$allocator@U_Container_proxy@std@@@std@@QAE@ABV?$allocator@PAVVariable@@@1@@Z 10001ba0 f i Variable.obj
 0001:00000ba0       ??$?0PAVCommand@@@?$allocator@U_Container_proxy@std@@@std@@QAE@ABV?$allocator@PAVCommand@@@1@@Z 10001ba0 f i Command.obj
 0001:00000ba0       ??$?0PAVModule@@@?$allocator@U_Container_proxy@std@@@std@@QAE@ABV?$allocator@PAVModule@@@1@@Z 10001ba0 f i Module.obj
 0001:00000ba0       ??$?0PAX@?$allocator@U_Container_proxy@std@@@std@@QAE@ABV?$allocator@PAX@1@@Z 10001ba0 f i autobhop.obj
 0001:00000ba0       ??$?0D@?$allocator@U_Container_proxy@std@@@std@@QAE@ABV?$allocator@D@1@@Z 10001ba0 f i Game.obj
 0001:00000bb0       ??$AddModule@VClient@@@Modules@@QAEXPAPAVClient@@@Z 10001bb0 f i autobhop.obj
 0001:00000c50       ??$AddModule@VEngine@@@Modules@@QAEXPAPAVEngine@@@Z 10001c50 f i autobhop.obj
 0001:00000cf0       ??$AddModule@VServer@@@Modules@@QAEXPAPAVServer@@@Z 10001cf0 f i autobhop.obj
 0001:00000d90       ??$AddModule@VSurface@@@Modules@@QAEXPAPAVSurface@@@Z 10001d90 f i autobhop.obj
 0001:00000e10       ??$AddModule@VTier1@@@Modules@@QAEXPAPAVTier1@@@Z 10001e10 f i autobhop.obj
 0001:00000eb0       ?CloseModuleHandle@Memory@@YAXPAX@Z 10001eb0 f i Memory.obj
 0001:00000eb0       ??$_Destroy_range1@V?$allocator@UModuleInfo@Memory@@@std@@@std@@YAXPAUModuleInfo@Memory@@0AAV?$allocator@UModuleInfo@Memory@@@0@U?$integral_constant@_N$00@0@@Z 10001eb0 f i Memory.obj
 0001:00000eb0       ??$destroy@U_Container_proxy@std@@@?$_Default_allocator_traits@V?$allocator@U_Container_proxy@std@@@std@@@std@@SAXAAV?$allocator@U_Container_proxy@std@@@1@QAU_Container_proxy@1@@Z 10001eb0 f i autobhop.obj
 0001:00000eb0       ??$_Destroy_range1@V?$allocator@PAVVariable@@@std@@@std@@YAXPAPAVVariable@@0AAV?$allocator@PAVVariable@@@0@U?$integral_constant@_N$00@0@@Z 10001eb0 f i Variable.obj
 0001:00000eb0       ??$destroy@PAD@?$_Default_allocator_traits@V?$allocator@D@std@@@std@@SAXAAV?$allocator@D@1@QAPAD@Z 10001eb0 f i Game.obj
 0001:00000eb0       ??$_Destroy_range1@V?$allocator@PAVModule@@@std@@@std@@YAXPAPAVModule@@0AAV?$allocator@PAVModule@@@0@U?$integral_constant@_N$00@0@@Z 10001eb0 f i autobhop.obj
 0001:00000eb0       ??$Destruct@H@@YAXPAH@Z    10001eb0 f i autobhop.obj
 0001:00000eb0       ??$_Destroy_range1@V?$allocator@PAX@std@@@std@@YAXPAPAX0AAV?$allocator@PAX@0@U?$integral_constant@_N$00@0@@Z 10001eb0 f i autobhop.obj
 0001:00000eb0       ??$_Destroy_range1@V?$allocator@PAVCommand@@@std@@@std@@YAXPAPAVCommand@@0AAV?$allocator@PAVCommand@@@0@U?$integral_constant@_N$00@0@@Z 10001eb0 f i Command.obj
 0001:00000ec0       ??$Destruct@UScriptFunctionBinding_t@@@@YAXPAUScriptFunctionBinding_t@@@Z 10001ec0 f i autobhop.obj
 0001:00000ed0       ??$Print@$$V@Console@@QAEXPBD@Z 10001ed0 f i autobhop.obj
 0001:00000f10       ??$Print@PBD@Console@@QAEXPBD0@Z 10001f10 f i autobhop.obj
 0001:00000f50       ??$_Allocate@$07U_Default_allocate_traits@std@@$0A@@std@@YAPAXI@Z 10001f50 f i autobhop.obj
 0001:00000f90       ??$_Allocate_manually_vector_aligned@U_Default_allocate_traits@std@@@std@@YAPAXI@Z 10001f90 f i autobhop.obj
 0001:00001050       ??$_Copy_memmove@PAPAVVariable@@PAPAV1@@std@@YAPAPAVVariable@@PAPAV1@00@Z 10002050 f i Variable.obj
 0001:00001050       ??$_Copy_memmove@PAUModuleInfo@Memory@@PAU12@@std@@YAPAUModuleInfo@Memory@@PAU12@00@Z 10002050 f i Memory.obj
 0001:00001050       ??$_Copy_memmove@PAPAVModule@@PAPAV1@@std@@YAPAPAVModule@@PAPAV1@00@Z 10002050 f i autobhop.obj
 0001:00001050       ??$_Copy_memmove@PAPAXPAPAX@std@@YAPAPAXPAPAX00@Z 10002050 f i autobhop.obj
 0001:00001090       ??$_Deallocate@$07$0A@@std@@YAXPAXI@Z 10002090 f i autobhop.obj
 0001:000010c0       ??$_Deallocate_plain@V?$allocator@U_Container_proxy@std@@@std@@$0A@@std@@YAXAAV?$allocator@U_Container_proxy@std@@@0@QAU_Container_proxy@0@@Z 100020c0 f i autobhop.obj
 0001:000010e0       ??$_Destroy_range@V?$allocator@PAVCommand@@@std@@@std@@YAXPAPAVCommand@@0AAV?$allocator@PAVCommand@@@0@@Z 100020e0 f i Command.obj
 0001:000010e0       ??$_Destroy_range@V?$allocator@PAVVariable@@@std@@@std@@YAXPAPAVVariable@@0AAV?$allocator@PAVVariable@@@0@@Z 100020e0 f i Variable.obj
 0001:000010e0       ??$_Destroy_range@V?$allocator@PAVModule@@@std@@@std@@YAXPAPAVModule@@0AAV?$allocator@PAVModule@@@0@@Z 100020e0 f i autobhop.obj
 0001:000010e0       ??$_Destroy_range@V?$allocator@PAX@std@@@std@@YAXPAPAX0AAV?$allocator@PAX@0@@Z 100020e0 f i autobhop.obj
 0001:000010e0       ??$_Destroy_range@V?$allocator@UModuleInfo@Memory@@@std@@@std@@YAXPAUModuleInfo@Memory@@0AAV?$allocator@UModuleInfo@Memory@@@0@@Z 100020e0 f i Memory.obj
 0001:00001110       ??$_Emplace_back_with_unused_capacity@PAVVariable@@@?$vector@PAVVariable@@V?$allocator@PAVVariable@@@std@@@std@@AAEAAPAVVariable@@$$QAPAV2@@Z 10002110 f i Variable.obj
 0001:00001110       ??$_Emplace_back_with_unused_capacity@ABQAVModule@@@?$vector@PAVModule@@V?$allocator@PAVModule@@@std@@@std@@AAEAAPAVModule@@ABQAV2@@Z 10002110 f i autobhop.obj
 0001:00001110       ??$_Emplace_back_with_unused_capacity@ABQAX@?$vector@PAXV?$allocator@PAX@std@@@std@@AAEAAPAXABQAX@Z 10002110 f i autobhop.obj
 0001:000011c0       ??$_Emplace_reallocate@ABQAX@?$vector@PAXV?$allocator@PAX@std@@@std@@QAEPAPAXQAPAXABQAX@Z 100021c0 f i autobhop.obj
 0001:000011c0       ??$_Emplace_reallocate@PAVVariable@@@?$vector@PAVVariable@@V?$allocator@PAVVariable@@@std@@@std@@QAEPAPAVVariable@@QAPAV2@$$QAPAV2@@Z 100021c0 f i Variable.obj
 0001:000011c0       ??$_Emplace_reallocate@ABQAVModule@@@?$vector@PAVModule@@V?$allocator@PAVModule@@@std@@@std@@QAEPAPAVModule@@QAPAV2@ABQAV2@@Z 100021c0 f i autobhop.obj
 0001:000013b0       ??$_Get_size_of_n@$03@std@@YAII@Z 100023b0 f i autobhop.obj
 0001:000013e0       ??$_Get_size_of_n@$07@std@@YAII@Z 100023e0 f i autobhop.obj
 0001:00001410       ??$forward@ABQAD@std@@YAABQADABQAD@Z 10002410 f i Memory.obj
 0001:00001410       ??$addressof@PAD@std@@YAPAPADAAPAD@Z 10002410 f i Game.obj
 0001:00001410       ??$move@AAV?$allocator@D@std@@@std@@YA$$QAV?$allocator@D@0@AAV10@@Z 10002410 f i Memory.obj
 0001:00001410       ??$forward@AAViterator@TryBlockMap@__FrameHandler3@@@std@@YAAAViterator@TryBlockMap@__FrameHandler3@@AAV123@@Z 10002410 f i libvcruntimed:trnsctrl.obj
 0001:00001410       ??$addressof@V?$_Vector_val@U?$_Simple_types@PAVCommand@@@std@@@std@@@std@@YAPAV?$_Vector_val@U?$_Simple_types@PAVCommand@@@std@@@0@AAV10@@Z 10002410 f i Command.obj
 0001:00001410       ??$_Unfancy@UModuleInfo@Memory@@@std@@YAPAUModuleInfo@Memory@@PAU12@@Z 10002410 f i Memory.obj
 0001:00001410       ??$_Unfancy@PAVVariable@@@std@@YAPAPAVVariable@@PAPAV1@@Z 10002410 f i Variable.obj
 0001:00001410       ??$_Get_unwrapped_n@PAVVariable@@H$0A@@std@@YAPAPAVVariable@@QAPAV1@H@Z 10002410 f i Variable.obj
 0001:00001410       ??$addressof@V?$_String_val@U?$_Simple_types@D@std@@@std@@@std@@YAPAV?$_String_val@U?$_Simple_types@D@std@@@0@AAV10@@Z 10002410 f i Memory.obj
 0001:00001410       ??$_Get_size_of_n@$00@std@@YAII@Z 10002410 f i Memory.obj
 0001:00001410       ??$forward@ABQAVModule@@@std@@YAABQAVModule@@ABQAV1@@Z 10002410 f i autobhop.obj
 0001:00001410       ??$_Unfancy@PAVModule@@@std@@YAPAPAVModule@@PAPAV1@@Z 10002410 f i autobhop.obj
 0001:00001410       ??$addressof@V?$_Vector_val@U?$_Simple_types@PAX@std@@@std@@@std@@YAPAV?$_Vector_val@U?$_Simple_types@PAX@std@@@0@AAV10@@Z 10002410 f i autobhop.obj
 0001:00001410       ??$addressof@V?$_Vector_val@U?$_Simple_types@UModuleInfo@Memory@@@std@@@std@@@std@@YAPAV?$_Vector_val@U?$_Simple_types@UModuleInfo@Memory@@@std@@@0@AAV10@@Z 10002410 f i Memory.obj
 0001:00001410       ??$forward@V?$allocator@D@std@@@std@@YA$$QAV?$allocator@D@0@AAV10@@Z 10002410 f i Memory.obj
 0001:00001410       ??$forward@ABQAX@std@@YAABQAXABQAX@Z 10002410 f i autobhop.obj
 0001:00001410       ??$move@AAU?$default_delete@$$BY0A@I@std@@@std@@YA$$QAU?$default_delete@$$BY0A@I@0@AAU10@@Z 10002410 f i Interface.obj
 0001:00001410       ??$forward@U_Container_proxy@std@@@std@@YA$$QAU_Container_proxy@0@AAU10@@Z 10002410 f i autobhop.obj
 0001:00001410       ??$addressof@V?$unique_ptr@$$BY0A@IU?$default_delete@$$BY0A@I@std@@@std@@@std@@YAPAV?$unique_ptr@$$BY0A@IU?$default_delete@$$BY0A@I@std@@@0@AAV10@@Z 10002410 f i Interface.obj
 0001:00001410       ??$_Convert_size@I@std@@YAII@Z 10002410 f i Memory.obj
 0001:00001410       ??$addressof@V?$_Vector_val@U?$_Simple_types@PAVModule@@@std@@@std@@@std@@YAPAV?$_Vector_val@U?$_Simple_types@PAVModule@@@std@@@0@AAV10@@Z 10002410 f i Module.obj
 0001:00001410       ??$_Get_unwrapped@PAVModule@@@std@@YAPAPAVModule@@QAPAV1@@Z 10002410 f i autobhop.obj
 0001:00001410       ??$_Get_unwrapped_n@PAXH$0A@@std@@YAPAPAXQAPAXH@Z 10002410 f i autobhop.obj
 0001:00001410       ??$forward@AAPAI@std@@YAAAPAIAAPAI@Z 10002410 f i Interface.obj
 0001:00001410       ??$_Get_unwrapped@UModuleInfo@Memory@@@std@@YAPAUModuleInfo@Memory@@QAU12@@Z 10002410 f i Memory.obj
 0001:00001410       ??$_Unfancy@D@std@@YAPADPAD@Z 10002410 f i Game.obj
 0001:00001410       ??$move@AAPAVVariable@@@std@@YA$$QAPAVVariable@@AAPAV1@@Z 10002410 f i Variable.obj
 0001:00001410       ??$_Get_unwrapped@PAX@std@@YAPAPAXQAPAX@Z 10002410 f i autobhop.obj
 0001:00001410       ??$addressof@V?$_Vector_val@U?$_Simple_types@PAVVariable@@@std@@@std@@@std@@YAPAV?$_Vector_val@U?$_Simple_types@PAVVariable@@@std@@@0@AAV10@@Z 10002410 f i Variable.obj
 0001:00001410       ??$_Unfancy@PAX@std@@YAPAPAXPAPAX@Z 10002410 f i autobhop.obj
 0001:00001410       ??$_Get_unwrapped_n@PAVModule@@H$0A@@std@@YAPAPAVModule@@QAPAV1@H@Z 10002410 f i autobhop.obj
 0001:00001410       ??$addressof@V?$basic_string@DU?$char_traits@D@std@@V?$allocator@D@2@@std@@@std@@YAPAV?$basic_string@DU?$char_traits@D@std@@V?$allocator@D@2@@0@AAV10@@Z 10002410 f i Memory.obj
 0001:00001410       ??$forward@ABUModuleInfo@Memory@@@std@@YAABUModuleInfo@Memory@@ABU12@@Z 10002410 f i Memory.obj
 0001:00001410       ??$move@AAV?$basic_string@DU?$char_traits@D@std@@V?$allocator@D@2@@std@@@std@@YA$$QAV?$basic_string@DU?$char_traits@D@std@@V?$allocator@D@2@@0@AAV10@@Z 10002410 f i Memory.obj
 0001:00001410       ??$forward@PAVVariable@@@std@@YA$$QAPAVVariable@@AAPAV1@@Z 10002410 f i Variable.obj
 0001:00001410       ??$_Unfancy@U_Container_proxy@std@@@std@@YAPAU_Container_proxy@0@PAU10@@Z 10002410 f i autobhop.obj
 0001:00001410       ??$_Get_unwrapped_n@UModuleInfo@Memory@@H$0A@@std@@YAPAUModuleInfo@Memory@@QAU12@H@Z 10002410 f i Memory.obj
 0001:00001410       ??$_Get_unwrapped@PAVVariable@@@std@@YAPAPAVVariable@@QAPAV1@@Z 10002410 f i Variable.obj
 0001:00001410       ??$forward@ABV?$allocator@D@std@@@std@@YAABV?$allocator@D@0@ABV10@@Z 10002410 f i Memory.obj
 0001:00001420       ??$_Idl_distance@PAPAVModule@@PAPAV1@@std@@YAHABQAPAVModule@@0@Z 10002420 f i autobhop.obj
 0001:00001420       ??$_Idl_distance@PAPAXPAPAX@std@@YAHABQAPAX0@Z 10002420 f i autobhop.obj
 0001:00001420       ??$_Idl_distance@PAPAVVariable@@PAPAV1@@std@@YAHABQAPAVVariable@@0@Z 10002420 f i Variable.obj
 0001:00001440       ??$_Min_value@I@std@@YAABIABI0@Z 10002440 f i autobhop.obj
 0001:00001470       ??$_Ptr_move_cat@PAVModule@@PAV1@@std@@YA?AU_Really_trivial_ptr_iterator_tag@0@ABQAPAVModule@@0@Z 10002470 f i autobhop.obj
 0001:00001470       ??$_Ptr_move_cat@PAVVariable@@PAV1@@std@@YA?AU_Really_trivial_ptr_iterator_tag@0@ABQAPAVVariable@@0@Z 10002470 f i Variable.obj
 0001:00001470       ??$_Ptr_move_cat@UModuleInfo@Memory@@U12@@std@@YA?AU_Really_trivial_ptr_iterator_tag@0@ABQAUModuleInfo@Memory@@0@Z 10002470 f i Memory.obj
 0001:00001470       ??$_Ptr_move_cat@PAXPAX@std@@YA?AU_Really_trivial_ptr_iterator_tag@0@ABQAPAX0@Z 10002470 f i autobhop.obj
 0001:00001480       ??$_Seek_wrapped@PAVModule@@@std@@YAXAAPAPAVModule@@QAPAV1@@Z 10002480 f i autobhop.obj
 0001:00001480       ??$_Seek_wrapped@PAX@std@@YAXAAPAPAXQAPAX@Z 10002480 f i autobhop.obj
 0001:00001480       ??$_Seek_wrapped@PAVVariable@@@std@@YAXAAPAPAVVariable@@QAPAV1@@Z 10002480 f i Variable.obj
 0001:00001480       ??$_Seek_wrapped@UModuleInfo@Memory@@@std@@YAXAAPAUModuleInfo@Memory@@QAU12@@Z 10002480 f i Memory.obj
 0001:00001490       ??$_Uninitialized_move@PAPAVModule@@PAPAV1@V?$allocator@PAVModule@@@std@@@std@@YAPAPAVModule@@QAPAV1@0PAPAV1@AAV?$allocator@PAVModule@@@0@@Z 10002490 f i autobhop.obj
 0001:00001490       ??$_Uninitialized_move@PAPAXPAPAXV?$allocator@PAX@std@@@std@@YAPAPAXQAPAX0PAPAXAAV?$allocator@PAX@0@@Z 10002490 f i autobhop.obj
 0001:00001490       ??$_Uninitialized_move@PAPAVVariable@@PAPAV1@V?$allocator@PAVVariable@@@std@@@std@@YAPAPAVVariable@@QAPAV1@0PAPAV1@AAV?$allocator@PAVVariable@@@0@@Z 10002490 f i Variable.obj
 0001:00001570       ??$_Uninitialized_move_al_unchecked@PAXPAXV?$allocator@PAX@std@@@std@@YAPAPAXQAPAX00AAV?$allocator@PAX@0@U_Really_trivial_ptr_iterator_tag@0@U?$integral_constant@_N$00@0@@Z 10002570 f i autobhop.obj
 0001:00001570       ??$_Uninitialized_move_al_unchecked@PAVModule@@PAV1@V?$allocator@PAVModule@@@std@@@std@@YAPAPAVModule@@QAPAV1@00AAV?$allocator@PAVModule@@@0@U_Really_trivial_ptr_iterator_tag@0@U?$integral_constant@_N$00@0@@Z 10002570 f i autobhop.obj
 0001:00001570       ??$_Uninitialized_move_al_unchecked@UModuleInfo@Memory@@U12@V?$allocator@UModuleInfo@Memory@@@std@@@std@@YAPAUModuleInfo@Memory@@QAU12@00AAV?$allocator@UModuleInfo@Memory@@@0@U_Really_trivial_ptr_iterator_tag@0@U?$integral_constant@_N$00@0@@Z 10002570 f i Memory.obj
 0001:00001570       ??$_Uninitialized_move_al_unchecked@PAVVariable@@PAV1@V?$allocator@PAVVariable@@@std@@@std@@YAPAPAVVariable@@QAPAV1@00AAV?$allocator@PAVVariable@@@0@U_Really_trivial_ptr_iterator_tag@0@U?$integral_constant@_N$00@0@@Z 10002570 f i Variable.obj
 0001:00001590       ??$construct@PADABQAD@?$_Default_allocator_traits@V?$allocator@D@std@@@std@@SAXAAV?$allocator@D@1@QAPADABQAD@Z 10002590 f i Memory.obj
 0001:00001590       ??$construct@PAVModule@@ABQAV1@@?$_Default_allocator_traits@V?$allocator@PAVModule@@@std@@@std@@SAXAAV?$allocator@PAVModule@@@1@QAPAVModule@@ABQAV3@@Z 10002590 f i autobhop.obj
 0001:00001590       ??$construct@PAXABQAX@?$_Default_allocator_traits@V?$allocator@PAX@std@@@std@@SAXAAV?$allocator@PAX@1@QAPAXABQAX@Z 10002590 f i autobhop.obj
 0001:00001590       ??$construct@PAVVariable@@PAV1@@?$_Default_allocator_traits@V?$allocator@PAVVariable@@@std@@@std@@SAXAAV?$allocator@PAVVariable@@@1@QAPAVVariable@@$$QAPAV3@@Z 10002590 f i Variable.obj
 0001:000015c0       ??$construct@U_Container_proxy@std@@U12@@?$_Default_allocator_traits@V?$allocator@U_Container_proxy@std@@@std@@@std@@SAXAAV?$allocator@U_Container_proxy@std@@@1@QAU_Container_proxy@1@$$QAU31@@Z 100025c0 f i autobhop.obj
 0001:00001600       ??$emplace_back@ABQAX@?$vector@PAXV?$allocator@PAX@std@@@std@@QAEAAPAXABQAX@Z 10002600 f i autobhop.obj
 0001:00001600       ??$emplace_back@ABQAVModule@@@?$vector@PAVModule@@V?$allocator@PAVModule@@@std@@@std@@QAEAAPAVModule@@ABQAV2@@Z 10002600 f i autobhop.obj
 0001:00001600       ??$emplace_back@PAVVariable@@@?$vector@PAVVariable@@V?$allocator@PAVVariable@@@std@@@std@@QAEAAPAVVariable@@$$QAPAV2@@Z 10002600 f i Variable.obj
 0001:00001670       ??0?$CUtlMemory@UScriptFunctionBinding_t@@H@@QAE@HH@Z 10002670 f i autobhop.obj
 0001:000016d0       ??0?$CUtlVector@UScriptFunctionBinding_t@@V?$CUtlMemory@UScriptFunctionBinding_t@@H@@@@QAE@HH@Z 100026d0 f i autobhop.obj
 0001:00001750       ??0?$_Vector_alloc@U?$_Vec_base_types@UModuleInfo@Memory@@V?$allocator@UModuleInfo@Memory@@@std@@@std@@@std@@QAE@XZ 10002750 f i Memory.obj
 0001:00001750       ??0?$_Vector_alloc@U?$_Vec_base_types@PAXV?$allocator@PAX@std@@@std@@@std@@QAE@XZ 10002750 f i autobhop.obj
 0001:00001750       ??0?$_Vector_alloc@U?$_Vec_base_types@PAVModule@@V?$allocator@PAVModule@@@std@@@std@@@std@@QAE@XZ 10002750 f i Module.obj
 0001:00001750       ??0?$_Vector_alloc@U?$_Vec_base_types@PAVCommand@@V?$allocator@PAVCommand@@@std@@@std@@@std@@QAE@XZ 10002750 f i Command.obj
 0001:00001750       ??0?$_Vector_alloc@U?$_Vec_base_types@PAVVariable@@V?$allocator@PAVVariable@@@std@@@std@@@std@@QAE@XZ 10002750 f i Variable.obj
 0001:00001780       ??0?$_Vector_val@U?$_Simple_types@PAVModule@@@std@@@std@@QAE@XZ 10002780 f i Module.obj
 0001:00001780       ??0?$_Vector_val@U?$_Simple_types@PAX@std@@@std@@QAE@XZ 10002780 f i autobhop.obj
 0001:00001780       ??0?$_Vector_val@U?$_Simple_types@UModuleInfo@Memory@@@std@@@std@@QAE@XZ 10002780 f i Memory.obj
 0001:00001780       ??0?$_Vector_val@U?$_Simple_types@PAVCommand@@@std@@@std@@QAE@XZ 10002780 f i Command.obj
 0001:00001780       ??0?$_Vector_val@U?$_Simple_types@PAVVariable@@@std@@@std@@QAE@XZ 10002780 f i Variable.obj
 0001:000017c0       ??0?$vector@PAVCommand@@V?$allocator@PAVCommand@@@std@@@std@@QAE@XZ 100027c0 f i Command.obj
 0001:000017c0       ??0?$vector@PAVModule@@V?$allocator@PAVModule@@@std@@@std@@QAE@XZ 100027c0 f i Module.obj
 0001:000017c0       ??0?$vector@PAVVariable@@V?$allocator@PAVVariable@@@std@@@std@@QAE@XZ 100027c0 f i Variable.obj
 0001:000017c0       ??0?$vector@UModuleInfo@Memory@@V?$allocator@UModuleInfo@Memory@@@std@@@std@@QAE@XZ 100027c0 f i Memory.obj
 0001:000017c0       ??0?$vector@PAXV?$allocator@PAX@std@@@std@@QAE@XZ 100027c0 f i autobhop.obj
 0001:00001800       ??0Color@@QAE@HHH@Z        10002800 f i autobhop.obj
 0001:00001830       ??0IServerPluginCallbacks@@QAE@XZ 10002830 f i autobhop.obj
 0001:00001850       ??0InterfaceReg@@QAE@P6APAXXZPBD@Z 10002850 f i autobhop.obj
 0001:00001890       ??0SMSM@@QAE@XZ            10002890 f   autobhop.obj
 0001:000019e0       ??0ScriptClassDesc_t@@QAE@XZ 100029e0 f i autobhop.obj
 0001:00001a50       ??0Surface@@QAE@XZ         10002a50 f i autobhop.obj
 0001:00001b50       ??0Vector@@QAE@MMM@Z       10002b50 f i autobhop.obj
 0001:00001b90       ??0_Container_base12@std@@QAE@XZ 10002b90 f i autobhop.obj
 0001:00001bb0       ??0_Container_proxy@std@@QAE@XZ 10002bb0 f i autobhop.obj
 0001:00001bb0       ??0Plugin@@QAE@XZ          10002bb0 f i Plugin.obj
 0001:00001be0       ??1?$CUtlMemory@HH@@QAE@XZ 10002be0 f i autobhop.obj
 0001:00001be0       ??1?$CUtlMemory@UScriptFunctionBinding_t@@H@@QAE@XZ 10002be0 f i autobhop.obj
 0001:00001c20       ??1?$CUtlVector@HV?$CUtlMemory@HH@@@@QAE@XZ 10002c20 f i autobhop.obj
 0001:00001c70       ??1?$CUtlVector@UScriptFunctionBinding_t@@V?$CUtlMemory@UScriptFunctionBinding_t@@H@@@@QAE@XZ 10002c70 f i autobhop.obj
 0001:00001cc0       ??1?$_Vector_alloc@U?$_Vec_base_types@PAVModule@@V?$allocator@PAVModule@@@std@@@std@@@std@@QAE@XZ 10002cc0 f i Module.obj
 0001:00001cc0       ??1?$_Vector_alloc@U?$_Vec_base_types@PAVVariable@@V?$allocator@PAVVariable@@@std@@@std@@@std@@QAE@XZ 10002cc0 f i Variable.obj
 0001:00001cc0       ??1?$_Vector_alloc@U?$_Vec_base_types@PAXV?$allocator@PAX@std@@@std@@@std@@QAE@XZ 10002cc0 f i autobhop.obj
 0001:00001cc0       ??1?$_Vector_alloc@U?$_Vec_base_types@PAVCommand@@V?$allocator@PAVCommand@@@std@@@std@@@std@@QAE@XZ 10002cc0 f i Command.obj
 0001:00001cc0       ??1?$_Vector_alloc@U?$_Vec_base_types@UModuleInfo@Memory@@V?$allocator@UModuleInfo@Memory@@@std@@@std@@@std@@QAE@XZ 10002cc0 f i Memory.obj
 0001:00001d00       ??1?$vector@PAVModule@@V?$allocator@PAVModule@@@std@@@std@@QAE@XZ 10002d00 f i Module.obj
 0001:00001d00       ??1?$vector@PAVCommand@@V?$allocator@PAVCommand@@@std@@@std@@QAE@XZ 10002d00 f i Command.obj
 0001:00001d00       ??1?$vector@PAVVariable@@V?$allocator@PAVVariable@@@std@@@std@@QAE@XZ 10002d00 f i Variable.obj
 0001:00001d00       ??1?$vector@PAXV?$allocator@PAX@std@@@std@@QAE@XZ 10002d00 f i autobhop.obj
 0001:00001d50       ??1SMSM@@QAE@XZ            10002d50 f i autobhop.obj
 0001:00001d70       ??1ScriptClassDesc_t@@QAE@XZ 10002d70 f i autobhop.obj
 0001:00001d90       ??1ScriptFuncDescriptor_t@@QAE@XZ 10002d90 f i autobhop.obj
 0001:00001db0       ??1ScriptFunctionBinding_t@@QAE@XZ 10002db0 f i autobhop.obj
 0001:00001dd0       ??2@YAPAXIPAX@Z            10002dd0 f i autobhop.obj
 0001:00001de0       ??A?$CUtlMemory@HH@@QAEAAHH@Z 10002de0 f i autobhop.obj
 0001:00001e00       ??A?$CUtlMemory@UScriptFunctionBinding_t@@H@@QAEAAUScriptFunctionBinding_t@@H@Z 10002e00 f i autobhop.obj
 0001:00001e20       ??_GModules@@QAEPAXI@Z     10002e20 f i autobhop.obj
 0001:00001e50       ??_GScriptFunctionBinding_t@@QAEPAXI@Z 10002e50 f i autobhop.obj
 0001:00001e80       ??_GSurface@@UAEPAXI@Z     10002e80 f i autobhop.obj
 0001:00001e80       ??_ESurface@@UAEPAXI@Z     10002e80 f i autobhop.obj
 0001:00001eb0       ?Base@?$CUtlVector@HV?$CUtlMemory@HH@@@@QAEPAHXZ 10002eb0 f i autobhop.obj
 0001:00001eb0       ?Base@?$CUtlVector@UScriptFunctionBinding_t@@V?$CUtlMemory@UScriptFunctionBinding_t@@H@@@@QAEPAUScriptFunctionBinding_t@@XZ 10002eb0 f i autobhop.obj
 0001:00001ed0       ?Cleanup@SMSM@@QAEXXZ      10002ed0 f   autobhop.obj
 0001:00002040       ?ClientActive@SMSM@@UAEXPAX@Z 10003040 f   autobhop.obj
 0001:00002100       ?NetworkIDValidated@SMSM@@UAEHPBD0@Z 10003100 f   autobhop.obj
 0001:00002100       ?ClientCommand@SMSM@@UAEHPAXAAPBX@Z 10003100 f   autobhop.obj
 0001:00002110       ?ClientConnect@SMSM@@UAEHPA_NPAXPBD2PADH@Z 10003110 f   autobhop.obj
 0001:00002120       ?LevelInit@SMSM@@UAEXPBD@Z 10003120 f   autobhop.obj
 0001:00002120       ?OnEdictFreed@SMSM@@UAEXPBX@Z 10003120 f   autobhop.obj
 0001:00002120       ?ClientDisconnect@SMSM@@UAEXPAX@Z 10003120 f   autobhop.obj
 0001:00002120       ?ClientSettingsChanged@SMSM@@UAEXPAX@Z 10003120 f   autobhop.obj
 0001:00002120       ?OnEdictAllocated@SMSM@@UAEXPAX@Z 10003120 f   autobhop.obj
 0001:00002120       ?SetCommandClient@SMSM@@UAEXH@Z 10003120 f   autobhop.obj
 0001:00002130       ?ClientFullyConnect@SMSM@@UAEXPAX@Z 10003130 f   autobhop.obj
 0001:00002160       ?ClientPutInServer@SMSM@@UAEXPAXPBD@Z 10003160 f   autobhop.obj
 0001:00002170       ?Element@?$CUtlVector@HV?$CUtlMemory@HH@@@@QAEAAHH@Z 10003170 f i autobhop.obj
 0001:000021a0       ?Element@?$CUtlVector@UScriptFunctionBinding_t@@V?$CUtlMemory@UScriptFunctionBinding_t@@H@@@@QAEAAUScriptFunctionBinding_t@@H@Z 100031a0 f i autobhop.obj
 0001:000021d0       ?ForceAct5MenuBackground@SMSM@@QAEXXZ 100031d0 f   autobhop.obj
 0001:00002210       ?GameFrame@SMSM@@UAEX_N@Z  10003210 f   autobhop.obj
 0001:00002240       ?GetPluginDescription@SMSM@@UAEPBDXZ 10003240 f   autobhop.obj
 0001:00002340       ?IsExternallyAllocated@?$CUtlMemory@UScriptFunctionBinding_t@@H@@QBE_NXZ 10003340 f i autobhop.obj
 0001:00002340       ?IsExternallyAllocated@?$CUtlMemory@HH@@QBE_NXZ 10003340 f i autobhop.obj
 0001:00002370       ?LevelShutdown@SMSM@@UAEXXZ 10003370 f   autobhop.obj
 0001:000023b0       ?Load@SMSM@@UAE_NP6APAXPBDPAH@Z2@Z 100033b0 f   autobhop.obj
 0001:000025f0       ?Name@Surface@@UAEPBDXZ    100035f0 f i autobhop.obj
 0001:00002600       ?OnQueryCvarValueFinished@SMSM@@UAEXHPAXHPBD1@Z 10003600 f   autobhop.obj
 0001:00002610       ?Purge@?$CUtlMemory@HH@@QAEXXZ 10003610 f i autobhop.obj
 0001:00002610       ?Purge@?$CUtlMemory@UScriptFunctionBinding_t@@H@@QAEXXZ 10003610 f i autobhop.obj
 0001:00002660       ?Purge@?$CUtlVector@HV?$CUtlMemory@HH@@@@QAEXXZ 10003660 f i autobhop.obj
 0001:00002690       ?Purge@?$CUtlVector@UScriptFunctionBinding_t@@V?$CUtlMemory@UScriptFunctionBinding_t@@H@@@@QAEXXZ 10003690 f i autobhop.obj
 0001:000026c0       ?RemoveAll@?$CUtlVector@HV?$CUtlMemory@HH@@@@QAEXXZ 100036c0 f i autobhop.obj
 0001:00002710       ?RemoveAll@?$CUtlVector@UScriptFunctionBinding_t@@V?$CUtlMemory@UScriptFunctionBinding_t@@H@@@@QAEXXZ 10003710 f i autobhop.obj
 0001:00002760       ?ResetDbgInfo@?$CUtlVector@UScriptFunctionBinding_t@@V?$CUtlMemory@UScriptFunctionBinding_t@@H@@@@IAEXXZ 10003760 f i autobhop.obj
 0001:00002760       ?ResetDbgInfo@?$CUtlVector@HV?$CUtlMemory@HH@@@@IAEXXZ 10003760 f i autobhop.obj
 0001:00002780       ?ServerActivate@SMSM@@UAEXPAXHH@Z 10003780 f   autobhop.obj
 0001:00002790       ?SetBackupKey@SMSM@@QAEXPBD@Z 10003790 f   autobhop.obj
 0001:000027c0       ?SetColor@Color@@QAEXHHHH@Z 100037c0 f i autobhop.obj
 0001:00002810       ?StartMainThread@SMSM@@AAEXXZ 10003810 f   autobhop.obj
 0001:00002830       ?Unload@SMSM@@UAEXXZ       10003830 f   autobhop.obj
 0001:00002850       ?Version@SMSM@@QAEPBDXZ    10003850 f i autobhop.obj
 0001:00002860       ?_Adjust_manually_vector_aligned@std@@YAXAAPAXAAI@Z 10003860 f i autobhop.obj
 0001:00002960       ?_Alloc_proxy@?$_Vector_alloc@U?$_Vec_base_types@PAXV?$allocator@PAX@std@@@std@@@std@@QAEXXZ 10003960 f i autobhop.obj
 0001:00002960       ?_Alloc_proxy@?$_Vector_alloc@U?$_Vec_base_types@PAVVariable@@V?$allocator@PAVVariable@@@std@@@std@@@std@@QAEXXZ 10003960 f i Variable.obj
 0001:00002960       ?_Alloc_proxy@?$_Vector_alloc@U?$_Vec_base_types@PAVCommand@@V?$allocator@PAVCommand@@@std@@@std@@@std@@QAEXXZ 10003960 f i Command.obj
 0001:00002960       ?_Alloc_proxy@?$_Vector_alloc@U?$_Vec_base_types@UModuleInfo@Memory@@V?$allocator@UModuleInfo@Memory@@@std@@@std@@@std@@QAEXXZ 10003960 f i Memory.obj
 0001:00002960       ?_Alloc_proxy@?$_Vector_alloc@U?$_Vec_base_types@PAVModule@@V?$allocator@PAVModule@@@std@@@std@@@std@@QAEXXZ 10003960 f i Module.obj
 0001:00002960       ?_Alloc_proxy@?$_String_alloc@U?$_String_base_types@DV?$allocator@D@std@@@std@@@std@@QAEXXZ 10003960 f i Memory.obj
 0001:00002a10       ?_Allocate@_Default_allocate_traits@std@@SAPAXI@Z 10003a10 f i autobhop.obj
 0001:00002a10       ??_U@YAPAXI@Z              10003a10 f i LIBCMTD:new_array.obj
 0001:00002a30       ?_Calculate_growth@?$vector@PAVVariable@@V?$allocator@PAVVariable@@@std@@@std@@ABEII@Z 10003a30 f i Variable.obj
 0001:00002a30       ?_Calculate_growth@?$vector@PAXV?$allocator@PAX@std@@@std@@ABEII@Z 10003a30 f i autobhop.obj
 0001:00002a30       ?_Calculate_growth@?$vector@PAVModule@@V?$allocator@PAVModule@@@std@@@std@@ABEII@Z 10003a30 f i autobhop.obj
 0001:00002a80       ?_Change_array@?$vector@PAXV?$allocator@PAX@std@@@std@@AAEXQAPAXII@Z 10003a80 f i autobhop.obj
 0001:00002a80       ?_Change_array@?$vector@PAVModule@@V?$allocator@PAVModule@@@std@@@std@@AAEXQAPAVModule@@II@Z 10003a80 f i autobhop.obj
 0001:00002a80       ?_Change_array@?$vector@PAVVariable@@V?$allocator@PAVVariable@@@std@@@std@@AAEXQAPAVVariable@@II@Z 10003a80 f i Variable.obj
 0001:00002b40       ?_Clrcont@_Iterator_base12@std@@QAEXXZ 10003b40 f i autobhop.obj
 0001:00002b60       ?_Destroy@?$vector@PAVModule@@V?$allocator@PAVModule@@@std@@@std@@AAEXPAPAVModule@@0@Z 10003b60 f i autobhop.obj
 0001:00002b60       ?_Destroy@?$vector@UModuleInfo@Memory@@V?$allocator@UModuleInfo@Memory@@@std@@@std@@AAEXPAUModuleInfo@Memory@@0@Z 10003b60 f i Memory.obj
 0001:00002b60       ?_Destroy@?$vector@PAXV?$allocator@PAX@std@@@std@@AAEXPAPAX0@Z 10003b60 f i autobhop.obj
 0001:00002b60       ?_Destroy@?$vector@PAVCommand@@V?$allocator@PAVCommand@@@std@@@std@@AAEXPAPAVCommand@@0@Z 10003b60 f i Command.obj
 0001:00002b60       ?_Destroy@?$vector@PAVVariable@@V?$allocator@PAVVariable@@@std@@@std@@AAEXPAPAVVariable@@0@Z 10003b60 f i Variable.obj
 0001:00002b90       ?_Free_proxy@?$_Vector_alloc@U?$_Vec_base_types@PAVModule@@V?$allocator@PAVModule@@@std@@@std@@@std@@QAEXXZ 10003b90 f i Module.obj
 0001:00002b90       ?_Free_proxy@?$_String_alloc@U?$_String_base_types@DV?$allocator@D@std@@@std@@@std@@QAEXXZ 10003b90 f i Game.obj
 0001:00002b90       ?_Free_proxy@?$_Vector_alloc@U?$_Vec_base_types@PAVVariable@@V?$allocator@PAVVariable@@@std@@@std@@@std@@QAEXXZ 10003b90 f i Variable.obj
 0001:00002b90       ?_Free_proxy@?$_Vector_alloc@U?$_Vec_base_types@PAVCommand@@V?$allocator@PAVCommand@@@std@@@std@@@std@@QAEXXZ 10003b90 f i Command.obj
 0001:00002b90       ?_Free_proxy@?$_Vector_alloc@U?$_Vec_base_types@PAXV?$allocator@PAX@std@@@std@@@std@@QAEXXZ 10003b90 f i autobhop.obj
 0001:00002b90       ?_Free_proxy@?$_Vector_alloc@U?$_Vec_base_types@UModuleInfo@Memory@@V?$allocator@UModuleInfo@Memory@@@std@@@std@@@std@@QAEXXZ 10003b90 f i Memory.obj
 0001:00002c10       ?_Getpfirst@?$_Vector_alloc@U?$_Vec_base_types@PAVModule@@V?$allocator@PAVModule@@@std@@@std@@@std@@QBEPAPAU_Iterator_base12@2@XZ 10003c10 f i autobhop.obj
 0001:00002c10       ?_Getpfirst@?$_Vector_alloc@U?$_Vec_base_types@PAXV?$allocator@PAX@std@@@std@@@std@@QBEPAPAU_Iterator_base12@2@XZ 10003c10 f i autobhop.obj
 0001:00002c10       ?_Getpfirst@?$_Vector_alloc@U?$_Vec_base_types@UModuleInfo@Memory@@V?$allocator@UModuleInfo@Memory@@@std@@@std@@@std@@QBEPAPAU_Iterator_base12@2@XZ 10003c10 f i Memory.obj
 0001:00002c10       ?_Getpfirst@?$_Vector_alloc@U?$_Vec_base_types@PAVVariable@@V?$allocator@PAVVariable@@@std@@@std@@@std@@QBEPAPAU_Iterator_base12@2@XZ 10003c10 f i Variable.obj
 0001:00002c30       ?_Getpfirst@_Container_base12@std@@QBEPAPAU_Iterator_base12@2@XZ 10003c30 f i autobhop.obj
 0001:00002c60       ?_Getpnext@_Iterator_base12@std@@QAEPAPAU12@XZ 10003c60 f i autobhop.obj
 0001:00002c80       ?_Has_unused_capacity@?$vector@PAVVariable@@V?$allocator@PAVVariable@@@std@@@std@@ABE_NXZ 10003c80 f i Variable.obj
 0001:00002c80       ?_Has_unused_capacity@?$vector@UModuleInfo@Memory@@V?$allocator@UModuleInfo@Memory@@@std@@@std@@ABE_NXZ 10003c80 f i Memory.obj
 0001:00002c80       ?_Has_unused_capacity@?$vector@PAVModule@@V?$allocator@PAVModule@@@std@@@std@@ABE_NXZ 10003c80 f i autobhop.obj
 0001:00002c80       ?_Has_unused_capacity@?$vector@PAXV?$allocator@PAX@std@@@std@@ABE_NXZ 10003c80 f i autobhop.obj
 0001:00002cc0       ?_Myend@?$_Vector_alloc@U?$_Vec_base_types@UModuleInfo@Memory@@V?$allocator@UModuleInfo@Memory@@@std@@@std@@@std@@QBEABQAUModuleInfo@Memory@@XZ 10003cc0 f i Memory.obj
 0001:00002cc0       ?_Myend@?$_Vector_alloc@U?$_Vec_base_types@PAVModule@@V?$allocator@PAVModule@@@std@@@std@@@std@@QBEABQAPAVModule@@XZ 10003cc0 f i autobhop.obj
 0001:00002cc0       ?_Myend@?$_Vector_alloc@U?$_Vec_base_types@PAVVariable@@V?$allocator@PAVVariable@@@std@@@std@@@std@@QAEAAPAPAVVariable@@XZ 10003cc0 f i Variable.obj
 0001:00002cc0       ?_Myend@?$_Vector_alloc@U?$_Vec_base_types@PAVCommand@@V?$allocator@PAVCommand@@@std@@@std@@@std@@QAEAAPAPAVCommand@@XZ 10003cc0 f i Command.obj
 0001:00002cc0       ?_Myend@?$_Vector_alloc@U?$_Vec_base_types@PAVModule@@V?$allocator@PAVModule@@@std@@@std@@@std@@QAEAAPAPAVModule@@XZ 10003cc0 f i autobhop.obj
 0001:00002cc0       ?_Myend@?$_Vector_alloc@U?$_Vec_base_types@UModuleInfo@Memory@@V?$allocator@UModuleInfo@Memory@@@std@@@std@@@std@@QAEAAPAUModuleInfo@Memory@@XZ 10003cc0 f i Memory.obj
 0001:00002cc0       ?_Myend@?$_Vector_alloc@U?$_Vec_base_types@PAXV?$allocator@PAX@std@@@std@@@std@@QBEABQAPAXXZ 10003cc0 f i autobhop.obj
 0001:00002cc0       ?_Myend@?$_Vector_alloc@U?$_Vec_base_types@PAVCommand@@V?$allocator@PAVCommand@@@std@@@std@@@std@@QBEABQAPAVCommand@@XZ 10003cc0 f i Command.obj
 0001:00002cc0       ?_Myend@?$_Vector_alloc@U?$_Vec_base_types@PAVVariable@@V?$allocator@PAVVariable@@@std@@@std@@@std@@QBEABQAPAVVariable@@XZ 10003cc0 f i Variable.obj
 0001:00002cc0       ?_Myend@?$_Vector_alloc@U?$_Vec_base_types@PAXV?$allocator@PAX@std@@@std@@@std@@QAEAAPAPAXXZ 10003cc0 f i autobhop.obj
 0001:00002ce0       ?_Myfirst@?$_Vector_alloc@U?$_Vec_base_types@PAVCommand@@V?$allocator@PAVCommand@@@std@@@std@@@std@@QBEABQAPAVCommand@@XZ 10003ce0 f i Command.obj
 0001:00002ce0       ?_Myfirst@?$_Vector_alloc@U?$_Vec_base_types@PAVCommand@@V?$allocator@PAVCommand@@@std@@@std@@@std@@QAEAAPAPAVCommand@@XZ 10003ce0 f i Command.obj
 0001:00002ce0       ?_Myfirst@?$_Vector_alloc@U?$_Vec_base_types@PAVModule@@V?$allocator@PAVModule@@@std@@@std@@@std@@QAEAAPAPAVModule@@XZ 10003ce0 f i autobhop.obj
 0001:00002ce0       ?_Myfirst@?$_Vector_alloc@U?$_Vec_base_types@PAVModule@@V?$allocator@PAVModule@@@std@@@std@@@std@@QBEABQAPAVModule@@XZ 10003ce0 f i autobhop.obj
 0001:00002ce0       ?_Myfirst@?$_Vector_alloc@U?$_Vec_base_types@PAVVariable@@V?$allocator@PAVVariable@@@std@@@std@@@std@@QAEAAPAPAVVariable@@XZ 10003ce0 f i Variable.obj
 0001:00002ce0       ?_Myfirst@?$_Vector_alloc@U?$_Vec_base_types@PAXV?$allocator@PAX@std@@@std@@@std@@QAEAAPAPAXXZ 10003ce0 f i autobhop.obj
 0001:00002ce0       ?_Myfirst@?$_Vector_alloc@U?$_Vec_base_types@UModuleInfo@Memory@@V?$allocator@UModuleInfo@Memory@@@std@@@std@@@std@@QAEAAPAUModuleInfo@Memory@@XZ 10003ce0 f i Memory.obj
 0001:00002ce0       ?_Myfirst@?$_Vector_alloc@U?$_Vec_base_types@PAXV?$allocator@PAX@std@@@std@@@std@@QBEABQAPAXXZ 10003ce0 f i autobhop.obj
 0001:00002ce0       ?_Myfirst@?$_Vector_alloc@U?$_Vec_base_types@PAVVariable@@V?$allocator@PAVVariable@@@std@@@std@@@std@@QBEABQAPAVVariable@@XZ 10003ce0 f i Variable.obj
 0001:00002ce0       ?_Myfirst@?$_Vector_alloc@U?$_Vec_base_types@UModuleInfo@Memory@@V?$allocator@UModuleInfo@Memory@@@std@@@std@@@std@@QBEABQAUModuleInfo@Memory@@XZ 10003ce0 f i Memory.obj
 0001:00002d00       ?_Mylast@?$_Vector_alloc@U?$_Vec_base_types@UModuleInfo@Memory@@V?$allocator@UModuleInfo@Memory@@@std@@@std@@@std@@QAEAAPAUModuleInfo@Memory@@XZ 10003d00 f i Memory.obj
 0001:00002d00       ?_Mylast@?$_Vector_alloc@U?$_Vec_base_types@PAVModule@@V?$allocator@PAVModule@@@std@@@std@@@std@@QAEAAPAPAVModule@@XZ 10003d00 f i autobhop.obj
 0001:00002d00       ?_Mylast@?$_Vector_alloc@U?$_Vec_base_types@PAVCommand@@V?$allocator@PAVCommand@@@std@@@std@@@std@@QAEAAPAPAVCommand@@XZ 10003d00 f i Command.obj
 0001:00002d00       ?_Mylast@?$_Vector_alloc@U?$_Vec_base_types@UModuleInfo@Memory@@V?$allocator@UModuleInfo@Memory@@@std@@@std@@@std@@QBEABQAUModuleInfo@Memory@@XZ 10003d00 f i Memory.obj
 0001:00002d00       ?_Mylast@?$_Vector_alloc@U?$_Vec_base_types@PAVVariable@@V?$allocator@PAVVariable@@@std@@@std@@@std@@QAEAAPAPAVVariable@@XZ 10003d00 f i Variable.obj
 0001:00002d00       ?_Mylast@?$_Vector_alloc@U?$_Vec_base_types@PAVVariable@@V?$allocator@PAVVariable@@@std@@@std@@@std@@QBEABQAPAVVariable@@XZ 10003d00 f i Variable.obj
 0001:00002d00       ?_Mylast@?$_Vector_alloc@U?$_Vec_base_types@PAVModule@@V?$allocator@PAVModule@@@std@@@std@@@std@@QBEABQAPAVModule@@XZ 10003d00 f i autobhop.obj
 0001:00002d00       ?_Mylast@?$_Vector_alloc@U?$_Vec_base_types@PAXV?$allocator@PAX@std@@@std@@@std@@QAEAAPAPAXXZ 10003d00 f i autobhop.obj
 0001:00002d00       ?_Mylast@?$_Vector_alloc@U?$_Vec_base_types@PAXV?$allocator@PAX@std@@@std@@@std@@QBEABQAPAXXZ 10003d00 f i autobhop.obj
 0001:00002d20       ?_Myproxy@?$_Vector_alloc@U?$_Vec_base_types@PAVModule@@V?$allocator@PAVModule@@@std@@@std@@@std@@QAEAAPAU_Container_proxy@2@XZ 10003d20 f i Module.obj
 0001:00002d20       ?_Myproxy@?$_Vector_alloc@U?$_Vec_base_types@UModuleInfo@Memory@@V?$allocator@UModuleInfo@Memory@@@std@@@std@@@std@@QAEAAPAU_Container_proxy@2@XZ 10003d20 f i Memory.obj
 0001:00002d20       ?_Myproxy@?$_String_alloc@U?$_String_base_types@DV?$allocator@D@std@@@std@@@std@@QAEAAPAU_Container_proxy@2@XZ 10003d20 f i Game.obj
 0001:00002d20       ?_Myproxy@?$_Vector_alloc@U?$_Vec_base_types@PAXV?$allocator@PAX@std@@@std@@@std@@QAEAAPAU_Container_proxy@2@XZ 10003d20 f i autobhop.obj
 0001:00002d20       ?_Myproxy@?$_Vector_alloc@U?$_Vec_base_types@PAVCommand@@V?$allocator@PAVCommand@@@std@@@std@@@std@@QAEAAPAU_Container_proxy@2@XZ 10003d20 f i Command.obj
 0001:00002d20       ?_Myproxy@?$_Vector_alloc@U?$_Vec_base_types@PAVVariable@@V?$allocator@PAVVariable@@@std@@@std@@@std@@QAEAAPAU_Container_proxy@2@XZ 10003d20 f i Variable.obj
 0001:00002d40       ?_Orphan_all@?$_Vector_alloc@U?$_Vec_base_types@PAVModule@@V?$allocator@PAVModule@@@std@@@std@@@std@@QAEXXZ 10003d40 f i autobhop.obj
 0001:00002d40       ?_Orphan_all@?$_Vector_alloc@U?$_Vec_base_types@PAVVariable@@V?$allocator@PAVVariable@@@std@@@std@@@std@@QAEXXZ 10003d40 f i Variable.obj
 0001:00002d40       ?_Orphan_all@?$_Vector_alloc@U?$_Vec_base_types@UModuleInfo@Memory@@V?$allocator@UModuleInfo@Memory@@@std@@@std@@@std@@QAEXXZ 10003d40 f i Memory.obj
 0001:00002d40       ?_Orphan_all@?$_Vector_alloc@U?$_Vec_base_types@PAXV?$allocator@PAX@std@@@std@@@std@@QAEXXZ 10003d40 f i autobhop.obj
 0001:00002d40       ?_Orphan_all@?$_String_alloc@U?$_String_base_types@DV?$allocator@D@std@@@std@@@std@@QAEXXZ 10003d40 f i Game.obj
 0001:00002d40       ?_Orphan_all@?$_Vector_alloc@U?$_Vec_base_types@PAVCommand@@V?$allocator@PAVCommand@@@std@@@std@@@std@@QAEXXZ 10003d40 f i Command.obj
 0001:00002d60       ?_Orphan_all@_Container_base12@std@@QAEXXZ 10003d60 f i autobhop.obj
 0001:00002e00       ?_Orphan_range@?$vector@PAVVariable@@V?$allocator@PAVVariable@@@std@@@std@@ABEXPAPAVVariable@@0@Z 10003e00 f i Variable.obj
 0001:00002e00       ?_Orphan_range@?$vector@UModuleInfo@Memory@@V?$allocator@UModuleInfo@Memory@@@std@@@std@@ABEXPAUModuleInfo@Memory@@0@Z 10003e00 f i Memory.obj
 0001:00002e00       ?_Orphan_range@?$vector@PAVModule@@V?$allocator@PAVModule@@@std@@@std@@ABEXPAPAVModule@@0@Z 10003e00 f i autobhop.obj
 0001:00002e00       ?_Orphan_range@?$vector@PAXV?$allocator@PAX@std@@@std@@ABEXPAPAX0@Z 10003e00 f i autobhop.obj
 0001:00002ed0       ?_Tidy@?$vector@PAVVariable@@V?$allocator@PAVVariable@@@std@@@std@@AAEXXZ 10003ed0 f i Variable.obj
 0001:00002ed0       ?_Tidy@?$vector@PAXV?$allocator@PAX@std@@@std@@AAEXXZ 10003ed0 f i autobhop.obj
 0001:00002ed0       ?_Tidy@?$vector@PAVCommand@@V?$allocator@PAVCommand@@@std@@@std@@AAEXXZ 10003ed0 f i Command.obj
 0001:00002ed0       ?_Tidy@?$vector@PAVModule@@V?$allocator@PAVModule@@@std@@@std@@AAEXXZ 10003ed0 f i Module.obj
 0001:00002f80       ?_Umove@?$vector@PAVVariable@@V?$allocator@PAVVariable@@@std@@@std@@AAEPAPAVVariable@@PAPAV3@00@Z 10003f80 f i Variable.obj
 0001:00002f80       ?_Umove@?$vector@PAXV?$allocator@PAX@std@@@std@@AAEPAPAXPAPAX00@Z 10003f80 f i autobhop.obj
 0001:00002f80       ?_Umove@?$vector@PAVModule@@V?$allocator@PAVModule@@@std@@@std@@AAEPAPAVModule@@PAPAV3@00@Z 10003f80 f i autobhop.obj
 0001:00002fb0       ?_Umove_if_noexcept1@?$vector@PAVVariable@@V?$allocator@PAVVariable@@@std@@@std@@AAEXPAPAVVariable@@00U?$integral_constant@_N$00@2@@Z 10003fb0 f i Variable.obj
 0001:00002fb0       ?_Umove_if_noexcept1@?$vector@PAVModule@@V?$allocator@PAVModule@@@std@@@std@@AAEXPAPAVModule@@00U?$integral_constant@_N$00@2@@Z 10003fb0 f i autobhop.obj
 0001:00002fb0       ?_Umove_if_noexcept1@?$vector@PAXV?$allocator@PAX@std@@@std@@AAEXPAPAX00U?$integral_constant@_N$00@2@@Z 10003fb0 f i autobhop.obj
 0001:00002fe0       ?_Umove_if_noexcept@?$vector@PAVVariable@@V?$allocator@PAVVariable@@@std@@@std@@AAEXPAPAVVariable@@00@Z 10003fe0 f i Variable.obj
 0001:00002fe0       ?_Umove_if_noexcept@?$vector@PAXV?$allocator@PAX@std@@@std@@AAEXPAPAX00@Z 10003fe0 f i autobhop.obj
 0001:00002fe0       ?_Umove_if_noexcept@?$vector@PAVModule@@V?$allocator@PAVModule@@@std@@@std@@AAEXPAPAVModule@@00@Z 10003fe0 f i autobhop.obj
 0001:00003010       ?_Xlength@?$vector@PAVVariable@@V?$allocator@PAVVariable@@@std@@@std@@CAXXZ 10004010 f i Variable.obj
 0001:00003010       ?_Xlength@?$vector@PAVModule@@V?$allocator@PAVModule@@@std@@@std@@CAXXZ 10004010 f i autobhop.obj
 0001:00003010       ?_Xlength@?$vector@PAXV?$allocator@PAX@std@@@std@@CAXXZ 10004010 f i autobhop.obj
 0001:00003010       ?_Xlength@?$vector@UModuleInfo@Memory@@V?$allocator@UModuleInfo@Memory@@@std@@@std@@CAXXZ 10004010 f i Memory.obj
 0001:00003020       ?_Xrange@?$vector@PAXV?$allocator@PAX@std@@@std@@CAXXZ 10004020 f i autobhop.obj
 0001:00003040       ?__autoclassinit2@Command@@QAEXI@Z 10004040 f i Command.obj
 0001:00003040       ?__autoclassinit2@Plugin@@QAEXI@Z 10004040 f i autobhop.obj
 0001:00003040       ?__autoclassinit2@Interface@@QAEXI@Z 10004040 f i Interface.obj
 0001:00003040       ?__autoclassinit2@Variable@@QAEXI@Z 10004040 f i Cheats.obj
 0001:00003040       ?__autoclassinit2@?$vector@PAVVariable@@V?$allocator@PAVVariable@@@std@@@std@@QAEXI@Z 10004040 f i Variable.obj
 0001:00003040       ?__autoclassinit2@Modules@@QAEXI@Z 10004040 f i autobhop.obj
 0001:00003040       ?__autoclassinit2@Client@@QAEXI@Z 10004040 f i autobhop.obj
 0001:00003040       ?__autoclassinit2@?$vector@PAVCommand@@V?$allocator@PAVCommand@@@std@@@std@@QAEXI@Z 10004040 f i Command.obj
 0001:00003040       ?__autoclassinit2@Console@@QAEXI@Z 10004040 f i autobhop.obj
 0001:00003040       ?__autoclassinit2@Tier1@@QAEXI@Z 10004040 f i autobhop.obj
 0001:00003040       ?__autoclassinit2@CParticleCollection@@QAEXI@Z 10004040 f i Client.obj
 0001:00003040       ?__autoclassinit2@Server@@QAEXI@Z 10004040 f i autobhop.obj
 0001:00003040       ?__autoclassinit2@SMSM@@QAEXI@Z 10004040 f i autobhop.obj
 0001:00003040       ?__autoclassinit2@Surface@@QAEXI@Z 10004040 f i autobhop.obj
 0001:00003040       ?__autoclassinit2@ConVar2@@QAEXI@Z 10004040 f i Variable.obj
 0001:00003040       ?__autoclassinit2@?$vector@UModuleInfo@Memory@@V?$allocator@UModuleInfo@Memory@@@std@@@std@@QAEXI@Z 10004040 f i Memory.obj
 0001:00003040       ?__autoclassinit2@Engine@@QAEXI@Z 10004040 f i autobhop.obj
 0001:00003040       ?__autoclassinit2@ConVar@@QAEXI@Z 10004040 f i Variable.obj
 0001:00003060       ?allocate@?$allocator@PAVVariable@@@std@@QAEPAPAVVariable@@I@Z 10004060 f i Variable.obj
 0001:00003060       ?allocate@?$allocator@PAVModule@@@std@@QAEPAPAVModule@@I@Z 10004060 f i autobhop.obj
 0001:00003060       ?allocate@?$allocator@PAX@std@@QAEPAPAXI@Z 10004060 f i autobhop.obj
 0001:00003090       ?allocate@?$allocator@U_Container_proxy@std@@@std@@QAEPAU_Container_proxy@2@I@Z 10004090 f i autobhop.obj
 0001:000030c0       ?at@?$vector@PAXV?$allocator@PAX@std@@@std@@QAEAAPAXI@Z 100040c0 f i autobhop.obj
 0001:000030f0       ?capacity@?$vector@PAVModule@@V?$allocator@PAVModule@@@std@@@std@@QBEIXZ 100040f0 f i autobhop.obj
 0001:000030f0       ?capacity@?$vector@PAXV?$allocator@PAX@std@@@std@@QBEIXZ 100040f0 f i autobhop.obj
 0001:000030f0       ?capacity@?$vector@PAVVariable@@V?$allocator@PAVVariable@@@std@@@std@@QBEIXZ 100040f0 f i Variable.obj
 0001:000030f0       ?capacity@?$vector@PAVCommand@@V?$allocator@PAVCommand@@@std@@@std@@QBEIXZ 100040f0 f i Command.obj
 0001:00003120       ?clear@?$vector@PAXV?$allocator@PAX@std@@@std@@QAEXXZ 10004120 f i autobhop.obj
 0001:00003120       ?clear@?$vector@PAVModule@@V?$allocator@PAVModule@@@std@@@std@@QAEXXZ 10004120 f i Module.obj
 0001:000031b0       ?deallocate@?$_Default_allocator_traits@V?$allocator@U_Container_proxy@std@@@std@@@std@@SAXAAV?$allocator@U_Container_proxy@std@@@2@QAU_Container_proxy@2@I@Z 100041b0 f i autobhop.obj
 0001:000031d0       ?deallocate@?$allocator@PAX@std@@QAEXQAPAXI@Z 100041d0 f i autobhop.obj
 0001:000031d0       ?deallocate@?$allocator@PAVCommand@@@std@@QAEXQAPAVCommand@@I@Z 100041d0 f i Command.obj
 0001:000031d0       ?deallocate@?$allocator@PAVVariable@@@std@@QAEXQAPAVVariable@@I@Z 100041d0 f i Variable.obj
 0001:000031d0       ?deallocate@?$allocator@PAVModule@@@std@@QAEXQAPAVModule@@I@Z 100041d0 f i autobhop.obj
 0001:000031f0       ?empty@?$vector@PAXV?$allocator@PAX@std@@@std@@QBE_NXZ 100041f0 f i autobhop.obj
 0001:000031f0       ?empty@?$vector@UModuleInfo@Memory@@V?$allocator@UModuleInfo@Memory@@@std@@@std@@QBE_NXZ 100041f0 f i Memory.obj
 0001:00003230       ?max@?$numeric_limits@H@std@@SAHXZ 10004230 f i autobhop.obj
 0001:00003240       ?max_size@?$_Default_allocator_traits@V?$allocator@PAVModule@@@std@@@std@@SAIABV?$allocator@PAVModule@@@2@@Z 10004240 f i autobhop.obj
 0001:00003240       ?max_size@?$_Default_allocator_traits@V?$allocator@PAVVariable@@@std@@@std@@SAIABV?$allocator@PAVVariable@@@2@@Z 10004240 f i Variable.obj
 0001:00003240       ?max_size@?$_Default_allocator_traits@V?$allocator@PAX@std@@@std@@SAIABV?$allocator@PAX@2@@Z 10004240 f i autobhop.obj
 0001:00003250       ?max_size@?$vector@PAXV?$allocator@PAX@std@@@std@@QBEIXZ 10004250 f i autobhop.obj
 0001:00003250       ?max_size@?$vector@PAVVariable@@V?$allocator@PAVVariable@@@std@@@std@@QBEIXZ 10004250 f i Variable.obj
 0001:00003250       ?max_size@?$vector@PAVModule@@V?$allocator@PAVModule@@@std@@@std@@QBEIXZ 10004250 f i autobhop.obj
 0001:00003290       ?push_back@?$vector@PAXV?$allocator@PAX@std@@@std@@QAEXABQAX@Z 10004290 f i autobhop.obj
 0001:00003290       ?push_back@?$vector@PAVModule@@V?$allocator@PAVModule@@@std@@@std@@QAEXABQAVModule@@@Z 10004290 f i autobhop.obj
 0001:000032b0       ?size@?$vector@PAXV?$allocator@PAX@std@@@std@@QBEIXZ 100042b0 f i autobhop.obj
 0001:000032b0       ?size@?$vector@PAVModule@@V?$allocator@PAVModule@@@std@@@std@@QBEIXZ 100042b0 f i autobhop.obj
 0001:000032b0       ?size@?$vector@PAVVariable@@V?$allocator@PAVVariable@@@std@@@std@@QBEIXZ 100042b0 f i Variable.obj
 0001:000032e0       _DllMain@12                100042e0 f   autobhop.obj
 0001:00003300       ?Init@Cheats@@QAEXXZ       10004300 f   Cheats.obj
 0001:00003620       ?Shutdown@Cheats@@QAEXXZ   10004620 f   Cheats.obj
 0001:00003640       ??0Command@@QAE@PBD@Z      10004640 f   Command.obj
 0001:00003690       ??0ConCommandBase@@QAE@XZ  10004690 f i Command.obj
 0001:000036e0       ??1Command@@QAE@XZ         100046e0 f   Command.obj
 0001:00003720       ??7Variable@@QAE_NXZ       10004720 f   Variable.obj
 0001:00003720       ??7Command@@QAE_NXZ        10004720 f   Command.obj
 0001:00003750       ?GetList@Command@@SAAAV?$vector@PAVCommand@@V?$allocator@PAVCommand@@@std@@@std@@XZ 10004750 f   Command.obj
 0001:000037c0       ?Register@Command@@QAEXXZ  100047c0 f   Command.obj
 0001:00003830       ?RegisterAll@Command@@SAHXZ 10004830 f   Command.obj
 0001:000038b0       ?Unregister@Command@@QAEXXZ 100048b0 f   Command.obj
 0001:00003900       ?UnregisterAll@Command@@SAXXZ 10004900 f   Command.obj
 0001:00003950       ?_Unchecked_begin@?$vector@PAVCommand@@V?$allocator@PAVCommand@@@std@@@std@@QAEPAPAVCommand@@XZ 10004950 f i Command.obj
 0001:00003950       ?_Unchecked_begin@?$vector@PAVModule@@V?$allocator@PAVModule@@@std@@@std@@QAEPAPAVModule@@XZ 10004950 f i Module.obj
 0001:00003950       ?_Unchecked_begin@?$vector@PAVVariable@@V?$allocator@PAVVariable@@@std@@@std@@QAEPAPAVVariable@@XZ 10004950 f i Variable.obj
 0001:00003950       ?_Unchecked_begin@?$vector@UModuleInfo@Memory@@V?$allocator@UModuleInfo@Memory@@@std@@@std@@QAEPAUModuleInfo@Memory@@XZ 10004950 f i Memory.obj
 0001:00003970       ?_Unchecked_end@?$vector@PAVModule@@V?$allocator@PAVModule@@@std@@@std@@QAEPAPAVModule@@XZ 10004970 f i Module.obj
 0001:00003970       ?_Unchecked_end@?$vector@PAVVariable@@V?$allocator@PAVVariable@@@std@@@std@@QAEPAPAVVariable@@XZ 10004970 f i Variable.obj
 0001:00003970       ?_Unchecked_end@?$vector@PAVCommand@@V?$allocator@PAVCommand@@@std@@@std@@QAEPAPAVCommand@@XZ 10004970 f i Command.obj
 0001:00003970       ?_Unchecked_end@?$vector@UModuleInfo@Memory@@V?$allocator@UModuleInfo@Memory@@@std@@@std@@QAEPAUModuleInfo@Memory@@XZ 10004970 f i Memory.obj
 0001:00003990       ??$?8DU?$char_traits@D@std@@V?$allocator@D@1@@std@@YA_NABV?$basic_string@DU?$char_traits@D@std@@V?$allocator@D@2@@0@QBD@Z 10004990 f i Game.obj
 0001:000039b0       ??$_Traits_equal@U?$char_traits@D@std@@@std@@YA_NQBDI0I@Z 100049b0 f i Game.obj
 0001:000039f0       ??1?$_Compressed_pair@V?$allocator@D@std@@V?$_String_val@U?$_Simple_types@D@std@@@2@$00@std@@QAE@XZ 100049f0 f i Game.obj
 0001:00003a10       ??1?$_String_alloc@U?$_String_base_types@DV?$allocator@D@std@@@std@@@std@@QAE@XZ 10004a10 f i Game.obj
 0001:00003a60       ??1?$_String_val@U?$_Simple_types@D@std@@@std@@QAE@XZ 10004a60 f i Game.obj
 0001:00003a80       ??1?$basic_string@DU?$char_traits@D@std@@V?$allocator@D@2@@std@@QAE@XZ 10004a80 f i Game.obj
 0001:00003ad0       ?CreateNew@Game@@SAPAV1@XZ 10004ad0 f   Game.obj
 0001:00003ba0       ?Version@Game@@UAEPBDXZ    10004ba0 f   Game.obj
 0001:00003bb0       ?_Equal@?$basic_string@DU?$char_traits@D@std@@V?$allocator@D@2@@std@@QBE_NQBD@Z 10004bb0 f i Game.obj
 0001:00003c30       ?_Large_string_engaged@?$_String_val@U?$_Simple_types@D@std@@@std@@QBE_NXZ 10004c30 f i Game.obj
 0001:00003c60       ?_Myptr@?$_String_val@U?$_Simple_types@D@std@@@std@@QAEPADXZ 10004c60 f i Memory.obj
 0001:00003c60       ?_Myptr@?$_String_val@U?$_Simple_types@D@std@@@std@@QBEPBDXZ 10004c60 f i Game.obj
 0001:00003ca0       ?_Tidy_deallocate@?$basic_string@DU?$char_traits@D@std@@V?$allocator@D@2@@std@@QAEXXZ 10004ca0 f i Game.obj
 0001:00003d50       ?assign@?$char_traits@D@std@@SAXAADABD@Z 10004d50 f i Game.obj
 0001:00003d60       ?compare@?$char_traits@D@std@@SAHQBD0I@Z 10004d60 f i Game.obj
 0001:00003d90       ?deallocate@?$allocator@D@std@@QAEXQADI@Z 10004d90 f i Game.obj
 0001:00003db0       ?length@?$char_traits@D@std@@SAIQBD@Z 10004db0 f i Game.obj
 0001:00003df0       ??$?0AAPAI@?$_Compressed_pair@U?$default_delete@$$BY0A@I@std@@PAI$00@std@@QAE@U_Zero_then_variadic_args_t@1@AAPAI@Z 10004df0 f i Interface.obj
 0001:00003e20       ??$?0PAI@?$_Unique_ptr_base@IU?$default_delete@$$BY0A@I@std@@@std@@QAE@PAI@Z 10004e20 f i Interface.obj
 0001:00003e50       ??$?0PAIU?$default_delete@$$BY0A@I@std@@$0A@X@?$unique_ptr@$$BY0A@IU?$default_delete@$$BY0A@I@std@@@std@@QAE@PAI@Z 10004e50 f i Interface.obj
 0001:00003ea0       ??$?0U?$default_delete@$$BY0A@I@std@@$0A@@?$unique_ptr@$$BY0A@IU?$default_delete@$$BY0A@I@std@@@std@@QAE@$$T@Z 10004ea0 f i Interface.obj
 0001:00003ef0       ??$?RI$0A@@?$default_delete@$$BY0A@I@std@@QBEXPAI@Z 10004ef0 f i Interface.obj
 0001:00003f30       ??$GetSymbolAddress@P6APAUICommandLine@@XZ@Memory@@YAP6APAUICommandLine@@XZPAXPBD@Z 10004f30 f i Console.obj
 0001:00003f30       ??$GetSymbolAddress@P6AXPBDZZ@Memory@@YAP6AXPBDZZPAX0@Z 10004f30 f i Console.obj
 0001:00003f30       ??$GetSymbolAddress@PAX@Memory@@YAPAXPAXPBD@Z 10004f30 f i Interface.obj
 0001:00003f30       ??$GetSymbolAddress@P6AXABUColor@@PBDZZ@Memory@@YAP6AXABUColor@@PBDZZPAX1@Z 10004f30 f i Console.obj
 0001:00003f50       ??$make_unique@$$BY0A@I$0A@@std@@YA?AV?$unique_ptr@$$BY0A@IU?$default_delete@$$BY0A@I@std@@@0@I@Z 10004f50 f i Interface.obj
 0001:00003fd0       ??$reset@PAIX@?$unique_ptr@$$BY0A@IU?$default_delete@$$BY0A@I@std@@@std@@QAEXPAI@Z 10004fd0 f i Interface.obj
 0001:00004020       ??0Interface@@QAE@PAX_N1@Z 10005020 f   Interface.obj
 0001:000040d0       ??0Interface@@QAE@XZ       100050d0 f   Interface.obj
 0001:00004120       ??1?$unique_ptr@$$BY0A@IU?$default_delete@$$BY0A@I@std@@@std@@QAE@XZ 10005120 f i Interface.obj
 0001:00004160       ??1Interface@@QAE@XZ       10005160 f   Interface.obj
 0001:000041d0       ??4?$unique_ptr@$$BY0A@IU?$default_delete@$$BY0A@I@std@@@std@@QAEAAV01@$$QAV01@@Z 100051d0 f i Interface.obj
 0001:00004220       ??B?$unique_ptr@$$BY0A@IU?$default_delete@$$BY0A@I@std@@@std@@QBE_NXZ 10005220 f i Interface.obj
 0001:00004250       ??_GInterface@@QAEPAXI@Z   10005250 f i Interface.obj
 0001:00004280       ?CopyVtable@Interface@@QAEXXZ 10005280 f   Interface.obj
 0001:00004310       ?Create@Interface@@SAPAV1@PAX_N1@Z 10005310 f   Interface.obj
 0001:000043b0       ?Create@Interface@@SAPAV1@PBD0_N1@Z 100053b0 f   Interface.obj
 0001:00004470       ?Delete@Interface@@SAXPAV1@@Z 10005470 f   Interface.obj
 0001:000044b0       ?DisableHooks@Interface@@QAEXXZ 100054b0 f   Interface.obj
 0001:000044e0       ?EnableHooks@Interface@@QAEXXZ 100054e0 f   Interface.obj
 0001:00004520       ?GetPtr@Interface@@SAPAXPBD0@Z 10005520 f   Interface.obj
 0001:00004670       ?_Delete@?$unique_ptr@$$BY0A@IU?$default_delete@$$BY0A@I@std@@@std@@AAEXXZ 10005670 f i Interface.obj
 0001:000046b0       ?release@?$unique_ptr@$$BY0A@IU?$default_delete@$$BY0A@I@std@@@std@@QAEPAIXZ 100056b0 f i Interface.obj
 0001:000046e0       ?reset@?$unique_ptr@$$BY0A@IU?$default_delete@$$BY0A@I@std@@@std@@QAEX$$T@Z 100056e0 f i Interface.obj
 0001:00004700       ??0Client@@QAE@XZ          10005700 f   Client.obj
 0001:00004780       ??0Vector@@QAE@XZ          10005780 f i Client.obj
 0001:000047b0       ??_GClient@@UAEPAXI@Z      100057b0 f i Client.obj
 0001:000047b0       ??_EClient@@UAEPAXI@Z      100057b0 f i Client.obj
 0001:000047e0       ?GetParticleSystem@Client@@QAEPAUCNewParticleEffect@@PAU2@@Z 100057e0 f   Client.obj
 0001:00004820       ?Init@Client@@UAE_NXZ      10005820 f   Client.obj
 0001:00004a20       ?Length@Vector@@QAEMXZ     10005a20 f i Client.obj
 0001:00004a70       ?Name@Client@@UAEPBDXZ     10005a70 f i Client.obj
 0001:00004a80       ?RenderView_Hook@Client@@SIHPAXHABVCViewSetup@@HH@Z 10005a80 f   Client.obj
 0001:00004ac0       ?SetPortalGunIndicatorColor@Client@@QAEXUVector@@@Z 10005ac0 f   Client.obj
 0001:00004af0       ?Shutdown@Client@@UAEXXZ   10005af0 f   Client.obj
 0001:00004b30       ?UpdatePortalGunIndicatorColor@Client@@QAEXXZ 10005b30 f   Client.obj
 0001:00004d00       ?sqrt@@YAMM@Z              10005d00 f i Client.obj
 0001:00004d20       _sqrtf                     10005d20 f i Client.obj
 0001:00004d50       ??0Console@@QAE@XZ         10005d50 f   Console.obj
 0001:00004dc0       ??_EConsole@@UAEPAXI@Z     10005dc0 f i Console.obj
 0001:00004dc0       ??_GConsole@@UAEPAXI@Z     10005dc0 f i Console.obj
 0001:00004df0       ?Init@Console@@UAE_NXZ     10005df0 f   Console.obj
 0001:00004f10       ?Name@Console@@UAEPBDXZ    10005f10 f i Console.obj
 0001:00004f20       ??$Deref@PAUCHostState@@@Memory@@YAPAUCHostState@@I@Z 10005f20 f i Engine.obj
 0001:00004f30       ??0Engine@@QAE@XZ          10005f30 f   Engine.obj
 0001:00004fd0       ??_GEngine@@UAEPAXI@Z      10005fd0 f i Engine.obj
 0001:00004fd0       ??_EEngine@@UAEPAXI@Z      10005fd0 f i Engine.obj
 0001:00005000       ?Init@Engine@@UAE_NXZ      10006000 f   Engine.obj
 0001:000052d0       ?Name@Engine@@UAEPBDXZ     100062d0 f i Engine.obj
 0001:000052e0       ?Shutdown@Engine@@UAEXXZ   100062e0 f   Engine.obj
 0001:00005370       ??0Modules@@QAE@XZ         10006370 f   Module.obj
 0001:00005390       ??1Modules@@QAE@XZ         10006390 f   Module.obj
 0001:000053e0       ?DeleteAll@Modules@@QAEXXZ 100063e0 f   Module.obj
 0001:00005460       ?InitAll@Modules@@QAEXXZ   10006460 f   Module.obj
 0001:000054d0       ?ShutdownAll@Modules@@QAEXXZ 100064d0 f   Module.obj
 0001:00005530       ??0Tier1@@QAE@XZ           10006530 f   Tier1.obj
 0001:000055c0       ?Init@Tier1@@UAE_NXZ       100065c0 f   Tier1.obj
 0001:00005760       ?Name@Tier1@@UAEPBDXZ      10006760 f i Tier1.obj
 0001:00005770       ??0Game@@QAE@XZ            10006770 f i Portal2.obj
 0001:00005790       ??0Portal2@@QAE@XZ         10006790 f   Portal2.obj
 0001:000057c0       ??_EPortal2@@UAEPAXI@Z     100067c0 f i Portal2.obj
 0001:000057c0       ??_GPortal2@@UAEPAXI@Z     100067c0 f i Portal2.obj
 0001:000057f0       ?LoadOffsets@Portal2@@UAEXXZ 100067f0 f   Portal2.obj
 0001:00005ab0       ?Process@Portal2@@SAPBDXZ  10006ab0 f   Portal2.obj
 0001:00005ac0       ?Version@Portal2@@UAEPBDXZ 10006ac0 f   Portal2.obj
 0001:00005ad0       ??$?0$$V@?$_Compressed_pair@V?$allocator@D@std@@V?$_String_val@U?$_Simple_types@D@std@@@2@$00@std@@QAE@U_Zero_then_variadic_args_t@1@@Z 10006ad0 f i Memory.obj
 0001:00005af0       ??$?0ABV?$allocator@D@std@@$$V@?$_Compressed_pair@V?$allocator@D@std@@V?$_String_val@U?$_Simple_types@D@std@@@2@$00@std@@QAE@U_One_then_variadic_args_t@1@ABV?$allocator@D@1@@Z 10006af0 f i Memory.obj
 0001:00005af0       ??$?0V?$allocator@D@std@@$$V@?$_Compressed_pair@V?$allocator@D@std@@V?$_String_val@U?$_Simple_types@D@std@@@2@$00@std@@QAE@U_One_then_variadic_args_t@1@$$QAV?$allocator@D@1@@Z 10006af0 f i Memory.obj
 0001:00005b20       ??$?0V?$allocator@D@std@@X@?$_String_alloc@U?$_String_base_types@DV?$allocator@D@std@@@std@@@std@@QAE@$$QAV?$allocator@D@1@@Z 10006b20 f i Memory.obj
 0001:00005b20       ??$?0ABV?$allocator@D@std@@X@?$_String_alloc@U?$_String_base_types@DV?$allocator@D@std@@@std@@@std@@QAE@ABV?$allocator@D@1@@Z 10006b20 f i Memory.obj
 0001:00005ba0       ??$?9DD@std@@YA_NABV?$allocator@D@0@0@Z 10006ba0 f i Memory.obj
 0001:00005bb0       ??$_Emplace_back_with_unused_capacity@ABUModuleInfo@Memory@@@?$vector@UModuleInfo@Memory@@V?$allocator@UModuleInfo@Memory@@@std@@@std@@AAEAAUModuleInfo@Memory@@ABU23@@Z 10006bb0 f i Memory.obj
 0001:00005c60       ??$_Emplace_reallocate@ABUModuleInfo@Memory@@@?$vector@UModuleInfo@Memory@@V?$allocator@UModuleInfo@Memory@@@std@@@std@@QAEPAUModuleInfo@Memory@@QAU23@ABU23@@Z 10006c60 f i Memory.obj
 0001:00005e70       ??$_Get_size_of_n@$0CBA@@std@@YAII@Z 10006e70 f i Memory.obj
 0001:00005ea0       ??$_Idl_distance@PAUModuleInfo@Memory@@PAU12@@std@@YAHABQAUModuleInfo@Memory@@0@Z 10006ea0 f i Memory.obj
 0001:00005ec0       ??$_Max_value@I@std@@YAABIABI0@Z 10006ec0 f i Memory.obj
 0001:00005ef0       ??$_Pocma@V?$allocator@D@std@@@std@@YAXAAV?$allocator@D@0@0@Z 10006ef0 f i Memory.obj
[...]
 0002:00010570       __ehfuncinfo$??$?0ABV?$allocator@D@std@@X@?$_String_alloc@U?$_String_base_types@DV?$allocator@D@std@@@std@@@std@@QAE@ABV?$allocator@D@1@@Z 1004d570     Memory.obj
 0002:00010594       __unwindtable$??0Variable@@QAE@PBD@Z 1004d594     Variable.obj
 0002:0001059c       __ehfuncinfo$??0Variable@@QAE@PBD@Z 1004d59c     Variable.obj
 0002:000105c0       __unwindtable$??0Variable@@QAE@PBD00H@Z 1004d5c0     Variable.obj
 0002:000105c8       __ehfuncinfo$??0Variable@@QAE@PBD00H@Z 1004d5c8     Variable.obj
 0002:000105ec       __unwindtable$?Create@Variable@@QAEXPBD0H0_NM1M@Z 1004d5ec     Variable.obj
 0002:000105f4       __ehfuncinfo$?Create@Variable@@QAEXPBD0H0_NM1M@Z 1004d5f4     Variable.obj
 0002:00010618       __unwindtable$?PostInit@Variable@@QAEXXZ 1004d618     Variable.obj
 0002:00010620       __ehfuncinfo$?PostInit@Variable@@QAEXXZ 1004d620     Variable.obj
 0002:00010730       __sehtable$___scrt_is_nonwritable_in_current_image 1004d730     LIBCMTD:utility.obj
 0002:00010750       __sehtable$?dllmain_crt_process_attach@@YAHQAUHINSTANCE__@@QAX@Z 1004d750     LIBCMTD:dll_dllmain.obj
 0002:00010770       __sehtable$?dllmain_crt_process_detach@@YAH_N@Z 1004d770     LIBCMTD:dll_dllmain.obj
 0002:00010790       __sehtable$?dllmain_dispatch@@YAHQAUHINSTANCE__@@KQAX@Z 1004d790     LIBCMTD:dll_dllmain.obj
 0002:000107e8       __sehtable$?FrameUnwindToState@__FrameHandler3@@SAXPAUEHRegistrationNode@@PAXPBU_s_FuncInfo@@H@Z 1004d7e8     libvcruntimed:frame.obj
 0002:00010810       __sehtable$?CallCatchBlock@@YAPAXPAUEHExceptionRecord@@PAUEHRegistrationNode@@PAU_CONTEXT@@PBU_s_FuncInfo@@PAXHK@Z 1004d810     libvcruntimed:frame.obj
 0002:00010838       __catchsym$?CallUnexpected@@YAXPBU_s_ESTypeList@@@Z$2 1004d838     libvcruntimed:frame.obj
 0002:00010848       __unwindtable$?CallUnexpected@@YAXPBU_s_ESTypeList@@@Z 1004d848     libvcruntimed:frame.obj
 0002:00010858       __tryblocktable$?CallUnexpected@@YAXPBU_s_ESTypeList@@@Z 1004d858     libvcruntimed:frame.obj
 0002:0001086c       __ehfuncinfo$?CallUnexpected@@YAXPBU_s_ESTypeList@@@Z 1004d86c     libvcruntimed:frame.obj
 0002:00010890       __sehtable$??$BuildCatchObjectHelperInternal@V__FrameHandler3@@@@YAHPAUEHExceptionRecord@@PAXPBU_s_HandlerType@@PBU_s_CatchableType@@@Z 1004d890     libvcruntimed:frame.obj
 0002:000108b0       __sehtable$??$BuildCatchObjectInternal@V__FrameHandler3@@@@YAXPAUEHExceptionRecord@@PAXPBU_s_HandlerType@@PBU_s_CatchableType@@@Z 1004d8b0     libvcruntimed:frame.obj
 0002:00010908       __sehtable$___DestructExceptionObject 1004d908     libvcruntimed:ehhelpers.obj
 0002:00010928       __sehtable$__query_new_handler 1004d928     libucrtd:new_handler.obj
 0002:00010948       __sehtable$??R<lambda_6e4b09c48022b2350581041d5f6b0c4c>@@QBE@XZ 1004d948     libucrtd:exit.obj
 0002:00010968       __sehtable$??$?RV<lambda_03b1d95aef87969028cfba75ccab2455>@@AAV<lambda_6e4b09c48022b2350581041d5f6b0c4c>@@V<lambda_22bdf7517842c4b3e53723af5aa32b9e>@@@?$__crt_seh_guarded_call@X@@QAEX$$QAV<lambda_03b1d95aef87969028cfba75ccab2455>@@AAV<lambda_6e4b09c48022b2350581041d5f6b0c4c>@@$$QAV<lambda_22bdf7517842c4b3e53723af5aa32b9e>@@@Z 1004d968     libucrtd:exit.obj
 0002:00010984       __unwindtable$??R<lambda_d121dba8a4adeaf3a9819e48611155df>@@QBEHXZ 1004d984     libucrtd:onexit.obj
 0002:0001098c       __ehfuncinfo$??R<lambda_d121dba8a4adeaf3a9819e48611155df>@@QBEHXZ 1004d98c     libucrtd:onexit.obj
 0002:000109b0       __sehtable$??$?RV<lambda_b53b013fb8c6083c10bec37d2dacc554>@@AAV<lambda_3b83eb014488ad801d84acef5aaf14d3>@@V<lambda_121992cf5e0eae5719f6e4f596aaeb4f>@@@?$__crt_seh_guarded_call@H@@QAEH$$QAV<lambda_b53b013fb8c6083c10bec37d2dacc554>@@AAV<lambda_3b83eb014488ad801d84acef5aaf14d3>@@$$QAV<lambda_121992cf5e0eae5719f6e4f596aaeb4f>@@@Z 1004d9b0     libucrtd:onexit.obj
 0002:000109d0       __sehtable$??$?RV<lambda_d74cd35c3df28f16c733e6755eb03555>@@AAV<lambda_d121dba8a4adeaf3a9819e48611155df>@@V<lambda_ade73ae6aee997c6ba47ce5901b340f9>@@@?$__crt_seh_guarded_call@H@@QAEH$$QAV<lambda_d74cd35c3df28f16c733e6755eb03555>@@AAV<lambda_d121dba8a4adeaf3a9819e48611155df>@@$$QAV<lambda_ade73ae6aee997c6ba47ce5901b340f9>@@@Z 1004d9d0     libucrtd:onexit.obj
 0002:000109f0       __sehtable$__CrtCheckMemory 1004d9f0     libucrtd:debug_heap.obj
 0002:00010a10       __sehtable$__CrtMemCheckpoint 1004da10     libucrtd:debug_heap.obj
 0002:00010a30       __sehtable$__CrtMemDumpAllObjectsSince 1004da30     libucrtd:debug_heap.obj
 0002:00010a50       __sehtable$__CrtSetDbgFlag 1004da50     libucrtd:debug_heap.obj
 0002:00010a70       __sehtable$__free_dbg      1004da70     libucrtd:debug_heap.obj
 0002:00010a90       __sehtable$__msize_dbg     1004da90     libucrtd:debug_heap.obj
 0002:00010ab0       __sehtable$__realloc_dbg   1004dab0     libucrtd:debug_heap.obj
 0002:00010ad0       __sehtable$?is_bad_read_pointer@@YA_NQBXI@Z 1004dad0     libucrtd:debug_heap.obj
 0002:00010af0       __sehtable$?validate_heap_if_required_nolock@@YAXXZ 1004daf0     libucrtd:debug_heap.obj
 0002:00010b10       __sehtable$?heap_alloc_dbg_internal@@YAPAXIHQBDH@Z 1004db10     libucrtd:debug_heap.obj
 0002:00010b30       __sehtable$_terminate      1004db30     libucrtd:terminate.obj
 0002:00010b50       __sehtable$??$?RV<lambda_15ade71b0218206bbe3333a0c9b79046>@@AAV<lambda_da44e0f8b0f19ba52fefafb335991732>@@V<lambda_207f2d024fc103971653565357d6cd41>@@@?$__crt_seh_guarded_call@X@@QAEX$$QAV<lambda_15ade71b0218206bbe3333a0c9b79046>@@AAV<lambda_da44e0f8b0f19ba52fefafb335991732>@@$$QAV<lambda_207f2d024fc103971653565357d6cd41>@@@Z 1004db50     libucrtd:per_thread_data.obj
 0002:00010b70       __sehtable$??$?RV<lambda_a7e850c220f1c8d1e6efeecdedd162c6>@@AAV<lambda_46720907175c18b6c9d2717bc0d2d362>@@V<lambda_9048902d66e8d99359bc9897bbb930a8>@@@?$__crt_seh_guarded_call@X@@QAEX$$QAV<lambda_a7e850c220f1c8d1e6efeecdedd162c6>@@AAV<lambda_46720907175c18b6c9d2717bc0d2d362>@@$$QAV<lambda_9048902d66e8d99359bc9897bbb930a8>@@@Z 1004db70     libucrtd:per_thread_data.obj
 0002:00010b90       __sehtable$??$?RV<lambda_eb0e2b1d104b126d27395a74edba6f03>@@AAV<lambda_d51eb34c9f7d53dbc39f6b791b6a3e42>@@V<lambda_f7564ebddb1f0eaf818ab6f3eade8363>@@@?$__crt_seh_guarded_call@X@@QAEX$$QAV<lambda_eb0e2b1d104b126d27395a74edba6f03>@@AAV<lambda_d51eb34c9f7d53dbc39f6b791b6a3e42>@@$$QAV<lambda_f7564ebddb1f0eaf818ab6f3eade8363>@@@Z 1004db90     libucrtd:per_thread_data.obj
 0002:00010bb0       __sehtable$??$?RV<lambda_6affb1475c98b40b75cdec977db92e3c>@@AAV<lambda_b8d4b9c228a6ecc3f80208dbb4b4a104>@@V<lambda_608742c3c92a14382c1684fc64f96c88>@@@?$__crt_seh_guarded_call@X@@QAEX$$QAV<lambda_6affb1475c98b40b75cdec977db92e3c>@@AAV<lambda_b8d4b9c228a6ecc3f80208dbb4b4a104>@@$$QAV<lambda_608742c3c92a14382c1684fc64f96c88>@@@Z 1004dbb0     libucrtd:per_thread_data.obj
 0002:00010bcc       __unwindtable$?fp_format_a@@YAHQBNPADIQADIH_NIQAU__crt_locale_pointers@@@Z 1004dbcc     libucrtd:cvt.obj
 0002:00010bd4       __ehfuncinfo$?fp_format_a@@YAHQBNPADIQADIH_NIQAU__crt_locale_pointers@@@Z 1004dbd4     libucrtd:cvt.obj
 0002:00010bf8       __sehtable$??$?RV<lambda_e5124f882df8998aaf41531e079ba474>@@AAV<lambda_3e16ef9562a7dcce91392c22ab16ea36>@@V<lambda_e25ca0880e6ef98be67edffd8c599615>@@@?$__crt_seh_guarded_call@X@@QAEX$$QAV<lambda_e5124f882df8998aaf41531e079ba474>@@AAV<lambda_3e16ef9562a7dcce91392c22ab16ea36>@@$$QAV<lambda_e25ca0880e6ef98be67edffd8c599615>@@@Z 1004dbf8     libucrtd:wsetlocale.obj
 0002:00010c18       __sehtable$___acrt_initialize_lowio 1004dc18     libucrtd:ioinit.obj
 0002:00010c38       __sehtable$__VCrtDbgReportA 1004dc38     libucrtd:dbgrptt.obj
 0002:00010c60       __sehtable$__VCrtDbgReportW 1004dc60     libucrtd:dbgrptt.obj
 0002:00010c88       __sehtable$_raise          1004dc88     libucrtd:signal.obj
 0002:00010ca8       __sehtable$??$?RV<lambda_cbab9ec6f41b0180b23cc171c22676b0>@@AAV<lambda_44731a7d0e6d81c3e6aa82d741081786>@@V<lambda_4b292cb8dd18144e164572427af410ab>@@@?$__crt_seh_guarded_call@P6AXH@Z@@QAEP6AXH@Z$$QAV<lambda_cbab9ec6f41b0180b23cc171c22676b0>@@AAV<lambda_44731a7d0e6d81c3e6aa82d741081786>@@$$QAV<lambda_4b292cb8dd18144e164572427af410ab>@@@Z 1004dca8     libucrtd:signal.obj
 0002:00010cc8       __sehtable$?update_thread_multibyte_data_internal@@YAPAU__crt_multibyte_data@@QAU__acrt_ptd@@QAPAU1@@Z 1004dcc8     libucrtd:mbctype.obj
 0002:00010ce8       __sehtable$??$?RV<lambda_b5fb591949065c3fa449bad279e8c939>@@AAV<lambda_6c10a39a819b864ce80acc26b314dcd3>@@V<lambda_e567670a9eae49807d365f3e9c117712>@@@?$__crt_seh_guarded_call@X@@QAEX$$QAV<lambda_b5fb591949065c3fa449bad279e8c939>@@AAV<lambda_6c10a39a819b864ce80acc26b314dcd3>@@$$QAV<lambda_e567670a9eae49807d365f3e9c117712>@@@Z 1004dce8     libucrtd:mbctype.obj
 0002:00010d08       __sehtable$___acrt_update_thread_locale_data 1004dd08     libucrtd:locale_refcounting.obj
 0002:00010d28       __sehtable$__fcloseall     1004dd28     libucrtd:closeall.obj
 0002:00010d48       __sehtable$??$?RV<lambda_2866be3712abc81a800a822484c830d8>@@AAV<lambda_39ca0ed439415581b5b15c265174cece>@@V<lambda_2b24c74d71094a6cd0cb82e44167d71b>@@@?$__crt_seh_guarded_call@X@@QAEX$$QAV<lambda_2866be3712abc81a800a822484c830d8>@@AAV<lambda_39ca0ed439415581b5b15c265174cece>@@$$QAV<lambda_2b24c74d71094a6cd0cb82e44167d71b>@@@Z 1004dd48     libucrtd:fflush.obj
 0002:00010d68       __sehtable$??$?RV<lambda_2cc53f568c5a2bb6f192f930a45d44ea>@@AAV<lambda_ab61a845afdef5b7c387490eaf3616ee>@@V<lambda_c2ffc0b7726aa6be21d5f0026187e748>@@@?$__crt_seh_guarded_call@X@@QAEX$$QAV<lambda_2cc53f568c5a2bb6f192f930a45d44ea>@@AAV<lambda_ab61a845afdef5b7c387490eaf3616ee>@@$$QAV<lambda_c2ffc0b7726aa6be21d5f0026187e748>@@@Z 1004dd68     libucrtd:fflush.obj
 0002:00010d88       __sehtable$___acrt_lowio_ensure_fh_exists 1004dd88     libucrtd:osfinfo.obj
 0002:00010da4       __unwindtable$?_wcstombs_l_helper@@YAIPADPB_WIPAU__crt_locale_pointers@@@Z 1004dda4     libucrtd:wcstombs.obj
 0002:00010dac       __ehfuncinfo$?_wcstombs_l_helper@@YAIPADPB_WIPAU__crt_locale_pointers@@@Z 1004ddac     libucrtd:wcstombs.obj
 0002:00010dd0       __unwindtable$?shortsort@@YAXPAD0IP6AHPBX1@Z@Z 1004ddd0     libucrtd:qsort.obj
 0002:00010dd8       __ehfuncinfo$?shortsort@@YAXPAD0IP6AHPBX1@Z@Z 1004ddd8     libucrtd:qsort.obj
 0002:00010e00       __sehtable$__write         1004de00     libucrtd:write.obj
 0002:00010e20       __sehtable$_fclose         1004de20     libucrtd:fclose.obj
 0002:00010e40       __sehtable$??$?RV<lambda_73934b50d04267ee15484ada9e51f93a>@@AAV<lambda_5533cddd4bda0037814beee657757329>@@V<lambda_505f522a38cc75b1e009910344c75d09>@@@?$__crt_seh_guarded_call@H@@QAEH$$QAV<lambda_73934b50d04267ee15484ada9e51f93a>@@AAV<lambda_5533cddd4bda0037814beee657757329>@@$$QAV<lambda_505f522a38cc75b1e009910344c75d09>@@@Z 1004de40     libucrtd:commit.obj
 0002:00010e60       __sehtable$??$?RV<lambda_e683defbe2e5a27c42b5544acbb13393>@@AAV<lambda_4e7105787b7b0e0227fbf2b2d883fa65>@@V<lambda_80a887151cae997482d53eaa74bb832b>@@@?$__crt_seh_guarded_call@H@@QAEH$$QAV<lambda_e683defbe2e5a27c42b5544acbb13393>@@AAV<lambda_4e7105787b7b0e0227fbf2b2d883fa65>@@$$QAV<lambda_80a887151cae997482d53eaa74bb832b>@@@Z 1004de60     libucrtd:close.obj
 0002:00010e80       __sehtable$__IsNonwritableInCurrentImage 1004de80     LIBCMTD:pesect.obj
 0002:00010ea0       .edata                     1004dea0     autobhop.exp
 0002:00010ec8       rgpv                       1004dec8     autobhop.exp
 0002:00010ecc       rgszName                   1004decc     autobhop.exp
 0002:00010ed0       rgwOrd                     1004ded0     autobhop.exp
 0002:00010ed2       szName                     1004ded2     autobhop.exp
 0002:00010edf       $N00001                    1004dedf     autobhop.exp
 0002:000110d2       .idata$6                   1004e0d2     kernel32:KERNEL32.dll
 0003:00000000       ?init@std@@3JA             1004f000     libcpmtd:xlock.obj
 0003:00000030       ?__vcrt_flsindex@@3KA      1004f030     libvcruntimed:per_thread_data.obj
 0003:00000050       ?__acrt_current_request_number@@3JA 1004f050     libucrtd:debug_heap.obj
 0003:00000060       ?__acrt_debug_fill_threshold@@3IA 1004f060     libucrtd:debug_fill_threshold.obj
 0003:00000064       ?errno_no_memory@@3HA      1004f064     libucrtd:errno.obj
 0003:00000068       ?doserrno_no_memory@@3KA   1004f068     libucrtd:errno.obj
 0003:0000006c       ?__acrt_flsindex@@3KA      1004f06c     libucrtd:per_thread_data.obj
 0003:00000200       __mbctypes                 1004f200     libucrtd:mbctype.obj
 0003:00000308       __mbcasemaps               1004f308     libucrtd:mbctype.obj
 0003:00000408       ?__rgctypeflag@@3PADA      1004f408     libucrtd:mbctype.obj
 0003:00000410       ?__rgcode_page_info@@3PAUcode_page_info@@A 1004f410     libucrtd:mbctype.obj
 0003:00000890       ?__dcrt_lowio_console_output_handle@@3PAXA 1004f890     libucrtd:initcon.obj
 0003:00000ac0       ?__g_CreateSMSMIServerPluginCallbacks_reg@@3UInterfaceReg@@A 1004fac0     autobhop.obj
 0003:00000fe8       ?list@?1??GetList@Command@@SAAAV?$vector@PAVCommand@@V?$allocator@PAVCommand@@@std@@@std@@XZ@4V34@A 1004ffe8     Command.obj
 0003:00000ff8       ?$TSS0@?1??GetList@Command@@SAAAV?$vector@PAVCommand@@V?$allocator@PAVCommand@@@std@@@std@@XZ@4HA 1004fff8     Command.obj
 0003:00001140       ?list@?1??GetList@Variable@@SAAAV?$vector@PAVVariable@@V?$allocator@PAVVariable@@@std@@@std@@XZ@4V34@A 10050140     Variable.obj
 0003:00001150       ?$TSS0@?1??GetList@Variable@@SAAAV?$vector@PAVVariable@@V?$allocator@PAVVariable@@@std@@@std@@XZ@4HA 10050150     Variable.obj
 0003:00001158       ?initlocks@std@@3V_Init_locks@1@A 10050158     libcpmtd:xlock.obj
 0003:00001160       ?mtx@std@@3PAU_RTL_CRITICAL_SECTION@@A 10050160     libcpmtd:xlock.obj
 0003:000012c8       ?is_initialized_as_dll@@3_NA 100502c8     LIBCMTD:utility.obj
 0003:000012c9       ?module_local_atexit_table_initialized@@3_NA 100502c9     LIBCMTD:utility.obj
 0003:000012cc       ?module_local_atexit_table@@3U_onexit_table_t@@A 100502cc     LIBCMTD:utility.obj
 0003:000012d8       ?module_local_at_quick_exit_table@@3U_onexit_table_t@@A 100502d8     LIBCMTD:utility.obj
 0003:000012e4       ?_Tss_mutex@@3U_RTL_CRITICAL_SECTION@@A 100502e4     LIBCMTD:thread_safe_statics.obj
 0003:000012fc       ?_Tss_cv@@3U_RTL_CONDITION_VARIABLE@@A 100502fc     LIBCMTD:thread_safe_statics.obj
 0003:00001300       ?_Tss_event@@3PAXA         10050300     LIBCMTD:thread_safe_statics.obj
 0003:00001304       ?encoded_sleep_condition_variable_cs@@3P6GHPAU_RTL_CONDITION_VARIABLE@@PAU_RTL_CRITICAL_SECTION@@K@ZA 10050304     LIBCMTD:thread_safe_statics.obj
 0003:00001308       ?encoded_wake_all_condition_variable@@3P6GXPAU_RTL_CONDITION_VARIABLE@@@ZA 10050308     LIBCMTD:thread_safe_statics.obj
 0003:00001310       ?__proc_attached@@3HA      10050310     LIBCMTD:dll_dllmain.obj
 0003:00001318       _GS_ExceptionRecord        10050318     LIBCMTD:gs_report.obj
 0003:00001368       _GS_ContextRecord          10050368     LIBCMTD:gs_report.obj
 0003:00001654       ?__vcrt_startup_thread_ptd@@3U__vcrt_ptd@@A 10050654     libvcruntimed:per_thread_data.obj
 0003:0000167c       ___vcrt_lock_table         1005067c     libvcruntimed:locks.obj
 0003:00001694       ___vcrt_locks_initialized  10050694     libvcruntimed:locks.obj
 0003:00001698       ?module_handles@@3PAPAUHINSTANCE__@@A 10050698     libvcruntimed:winapi_downlevel.obj
 0003:000016a4       ?encoded_function_pointers@@3PAPAXA 100506a4     libvcruntimed:winapi_downlevel.obj
 0003:000016e0       ?heap@@3V_HeapManager@@A   100506e0     libvcruntimed:undname.obj
 0003:000016f8       ?__acrt_invalid_parameter_handler@@3V?$dual_state_global@P6AXPB_W00II@Z@__crt_state_management@@A 100506f8     libucrtd:invalid_parameter.obj
 0003:00001700       ?__acrt_lock_table@@3PAU_RTL_CRITICAL_SECTION@@A 10050700     libucrtd:locks.obj
 0003:00001850       ?__acrt_locks_initialized@@3IA 10050850     libucrtd:locks.obj
 0003:00001854       ?__acrt_new_handler@@3V?$dual_state_global@P6AHI@Z@__crt_state_management@@A 10050854     libucrtd:new_handler.obj
 0003:00001858       ?c_termination_complete@@3JA 10050858     libucrtd:exit.obj
 0003:0000185c       ?thread_local_exit_callback_func@@3P6GXPAXK0@ZA 1005085c     libucrtd:exit.obj
 0003:00001868       ?program_name@?1???$common_configure_argv@D@@YAHW4_crt_argv_mode@@@Z@4PADA 10050868     libucrtd:argv_parsing.obj
 0003:00001998       ?__acrt_first_block@@3PAU_CrtMemBlockHeader@@A 10050998     libucrtd:debug_heap.obj
 0003:0000199c       ?__acrt_last_block@@3PAU_CrtMemBlockHeader@@A 1005099c     libucrtd:debug_heap.obj
 0003:000019a0       ?__acrt_total_allocations@@3IA 100509a0     libucrtd:debug_heap.obj
 0003:000019a4       ?__acrt_current_allocations@@3IA 100509a4     libucrtd:debug_heap.obj
 0003:000019a8       ?__acrt_max_allocations@@3IA 100509a8     libucrtd:debug_heap.obj
 0003:000019ac       ?__acrt_check_frequency@@3IA 100509ac     libucrtd:debug_heap.obj
 0003:000019b0       ?__acrt_check_counter@@3IA 100509b0     libucrtd:debug_heap.obj
 0003:000019b8       ?heap_validation_pending@@3_NA 100509b8     libucrtd:debug_heap.obj
 0003:000019bc       ?internal_state@?1??_mbtowc_l@@9@4U_Mbstatet@@A 100509bc     libucrtd:mbtowc.obj
 0003:000019cc       ?enable_percent_n@@3IA     100509cc     libucrtd:printf_count_output.obj
 0003:00001bf0       ?ctrlc_action@@3V?$dual_state_global@P6AXH@Z@__crt_state_management@@A 10050bf0     libucrtd:signal.obj
 0003:00001bf4       ?ctrlbreak_action@@3V?$dual_state_global@P6AXH@Z@__crt_state_management@@A 10050bf4     libucrtd:signal.obj
 0003:00001bf8       ?abort_action@@3V?$dual_state_global@P6AXH@Z@__crt_state_management@@A 10050bf8     libucrtd:signal.obj
 0003:00001bfc       ?term_action@@3V?$dual_state_global@P6AXH@Z@__crt_state_management@@A 10050bfc     libucrtd:signal.obj
 0003:00001c00       ?module_handles@@3PAPAUHINSTANCE__@@A 10050c00     libucrtd:winapi_thunks.obj
 0003:00001c50       ?encoded_function_pointers@@3PAPAXA 10050c50     libucrtd:winapi_thunks.obj
 0003:00001cd8       ?state_cache@?1???$get_cached_win_policy@Udeveloper_information_policy_properties@?1??__acrt_get_developer_information_policy@@YA?AW4developer_information_policy@@XZ@@@YA?AW4developer_information_policy@@W4AppPolicyShowDeveloperDiagnostic@@@Z@4JA 10050cd8     libucrtd:win_policies.obj
 0003:00001cdc       ?state_cache@?1???$get_cached_win_policy@Uwindowing_model_policy_properties@?1??__acrt_get_windowing_model_policy@@YA?AW4windowing_model_policy@@XZ@@@YA?AW4windowing_model_policy@@W4AppPolicyWindowingModel@@@Z@4JA 10050cdc     libucrtd:win_policies.obj
 0003:00001cec       ?fSystemSet@@3HA           10050cec     libucrtd:mbctype.obj
 0003:00001cf0       ?initialized@?1??__acrt_initialize_multibyte@@9@4_NA 10050cf0     libucrtd:mbctype.obj
 0003:00001d10       ?user_matherr@@3V?$dual_state_global@P6AHPAU_exception@@@Z@__crt_state_management@@A 10050d10     libucrtd:matherr.obj
 0003:00001d14       ?__acrt_global_new_mode@@3V?$dual_state_global@J@__crt_state_management@@A 10050d14     libucrtd:new_mode.obj
 0003:00001d18       ?__acrt_app_type@@3W4_crt_app_type@@A 10050d18     libucrtd:report_runtime_error.obj
 0003:00001d20       ?outmsg@?9??__acrt_report_runtime_error@@9@4PA_WA 10050d20     libucrtd:report_runtime_error.obj
 0003:00002354       ___acrt_error_mode         10051354     libucrtd:set_error_mode.obj
 0003:00002358       ?internal_pst@?1??__mbrtoc32_utf8@__crt_mbstring@@YAIPA_UPBDIPAU_Mbstatet@@@Z@4U3@A 10051358     libucrtd:mbrtoc32.obj
 0003:00002360       __pmatherr_set             10051360     libucrtd:libm_error.obj
 0003:00002364       ?internal_pst@?1??__c16rtomb_utf8@__crt_mbstring@@YAIPAD_SPAU_Mbstatet@@@Z@4U3@A 10051364     libucrtd:c16rtomb.obj
 0004:00000060       $R000000                   10052060     * linker generated manifest res *

 Exports

  ordinal    name

        1    _CreateInterface
               exported name: CreateInterface
